Archive member included to satisfy reference by file (symbol)

c:/progra~2/gnuarm~1/102020~1/bin/../lib/gcc/arm-none-eabi/10.2.1/../../../../arm-none-eabi/lib/thumb/v7-m/nofp\libg.a(lib_a-errno.o)
                              CMakeFiles/C8T6_USB_Demo.elf.dir/Core/Src/syscalls.c.obj (__errno)
c:/progra~2/gnuarm~1/102020~1/bin/../lib/gcc/arm-none-eabi/10.2.1/../../../../arm-none-eabi/lib/thumb/v7-m/nofp\libg.a(lib_a-exit.o)
                              c:/progra~2/gnuarm~1/102020~1/bin/../lib/gcc/arm-none-eabi/10.2.1/../../../../arm-none-eabi/lib/thumb/v7-m/nofp/crt0.o (exit)
c:/progra~2/gnuarm~1/102020~1/bin/../lib/gcc/arm-none-eabi/10.2.1/../../../../arm-none-eabi/lib/thumb/v7-m/nofp\libg.a(lib_a-impure.o)
                              c:/progra~2/gnuarm~1/102020~1/bin/../lib/gcc/arm-none-eabi/10.2.1/../../../../arm-none-eabi/lib/thumb/v7-m/nofp\libg.a(lib_a-exit.o) (_global_impure_ptr)
c:/progra~2/gnuarm~1/102020~1/bin/../lib/gcc/arm-none-eabi/10.2.1/../../../../arm-none-eabi/lib/thumb/v7-m/nofp\libg.a(lib_a-init.o)
                              c:/progra~2/gnuarm~1/102020~1/bin/../lib/gcc/arm-none-eabi/10.2.1/../../../../arm-none-eabi/lib/thumb/v7-m/nofp/crt0.o (__libc_init_array)
c:/progra~2/gnuarm~1/102020~1/bin/../lib/gcc/arm-none-eabi/10.2.1/../../../../arm-none-eabi/lib/thumb/v7-m/nofp\libg.a(lib_a-memset.o)
                              c:/progra~2/gnuarm~1/102020~1/bin/../lib/gcc/arm-none-eabi/10.2.1/../../../../arm-none-eabi/lib/thumb/v7-m/nofp/crt0.o (memset)
c:/progra~2/gnuarm~1/102020~1/bin/../lib/gcc/arm-none-eabi/10.2.1/../../../../arm-none-eabi/lib/thumb/v7-m/nofp\libg.a(lib_a-__call_atexit.o)
                              c:/progra~2/gnuarm~1/102020~1/bin/../lib/gcc/arm-none-eabi/10.2.1/../../../../arm-none-eabi/lib/thumb/v7-m/nofp\libg.a(lib_a-exit.o) (__call_exitprocs)
c:/progra~2/gnuarm~1/102020~1/bin/../lib/gcc/arm-none-eabi/10.2.1/../../../../arm-none-eabi/lib/thumb/v7-m/nofp\libg.a(lib_a-atexit.o)
                              c:/progra~2/gnuarm~1/102020~1/bin/../lib/gcc/arm-none-eabi/10.2.1/../../../../arm-none-eabi/lib/thumb/v7-m/nofp\libg.a(lib_a-__call_atexit.o) (atexit)
c:/progra~2/gnuarm~1/102020~1/bin/../lib/gcc/arm-none-eabi/10.2.1/../../../../arm-none-eabi/lib/thumb/v7-m/nofp\libg.a(lib_a-fini.o)
                              c:/progra~2/gnuarm~1/102020~1/bin/../lib/gcc/arm-none-eabi/10.2.1/../../../../arm-none-eabi/lib/thumb/v7-m/nofp\libg.a(lib_a-__call_atexit.o) (__libc_fini_array)
c:/progra~2/gnuarm~1/102020~1/bin/../lib/gcc/arm-none-eabi/10.2.1/../../../../arm-none-eabi/lib/thumb/v7-m/nofp\libg.a(lib_a-lock.o)
                              c:/progra~2/gnuarm~1/102020~1/bin/../lib/gcc/arm-none-eabi/10.2.1/../../../../arm-none-eabi/lib/thumb/v7-m/nofp\libg.a(lib_a-__call_atexit.o) (__retarget_lock_acquire_recursive)
c:/progra~2/gnuarm~1/102020~1/bin/../lib/gcc/arm-none-eabi/10.2.1/../../../../arm-none-eabi/lib/thumb/v7-m/nofp\libg.a(lib_a-__atexit.o)
                              c:/progra~2/gnuarm~1/102020~1/bin/../lib/gcc/arm-none-eabi/10.2.1/../../../../arm-none-eabi/lib/thumb/v7-m/nofp\libg.a(lib_a-atexit.o) (__register_exitproc)

Discarded input sections

 .text          0x00000000        0x0 c:/progra~2/gnuarm~1/102020~1/bin/../lib/gcc/arm-none-eabi/10.2.1/thumb/v7-m/nofp/crti.o
 .data          0x00000000        0x0 c:/progra~2/gnuarm~1/102020~1/bin/../lib/gcc/arm-none-eabi/10.2.1/thumb/v7-m/nofp/crti.o
 .bss           0x00000000        0x0 c:/progra~2/gnuarm~1/102020~1/bin/../lib/gcc/arm-none-eabi/10.2.1/thumb/v7-m/nofp/crti.o
 .data          0x00000000        0x4 c:/progra~2/gnuarm~1/102020~1/bin/../lib/gcc/arm-none-eabi/10.2.1/thumb/v7-m/nofp/crtbegin.o
 .rodata        0x00000000       0x24 c:/progra~2/gnuarm~1/102020~1/bin/../lib/gcc/arm-none-eabi/10.2.1/thumb/v7-m/nofp/crtbegin.o
 .text          0x00000000       0x7c c:/progra~2/gnuarm~1/102020~1/bin/../lib/gcc/arm-none-eabi/10.2.1/../../../../arm-none-eabi/lib/thumb/v7-m/nofp/crt0.o
 .data          0x00000000        0x0 c:/progra~2/gnuarm~1/102020~1/bin/../lib/gcc/arm-none-eabi/10.2.1/../../../../arm-none-eabi/lib/thumb/v7-m/nofp/crt0.o
 .bss           0x00000000        0x0 c:/progra~2/gnuarm~1/102020~1/bin/../lib/gcc/arm-none-eabi/10.2.1/../../../../arm-none-eabi/lib/thumb/v7-m/nofp/crt0.o
 .ARM.extab     0x00000000        0x0 c:/progra~2/gnuarm~1/102020~1/bin/../lib/gcc/arm-none-eabi/10.2.1/../../../../arm-none-eabi/lib/thumb/v7-m/nofp/crt0.o
 .ARM.exidx     0x00000000       0x10 c:/progra~2/gnuarm~1/102020~1/bin/../lib/gcc/arm-none-eabi/10.2.1/../../../../arm-none-eabi/lib/thumb/v7-m/nofp/crt0.o
 .ARM.attributes
                0x00000000       0x1b c:/progra~2/gnuarm~1/102020~1/bin/../lib/gcc/arm-none-eabi/10.2.1/../../../../arm-none-eabi/lib/thumb/v7-m/nofp/crt0.o
 .text          0x00000000        0x0 CMakeFiles/C8T6_USB_Demo.elf.dir/Core/Src/gpio.c.obj
 .data          0x00000000        0x0 CMakeFiles/C8T6_USB_Demo.elf.dir/Core/Src/gpio.c.obj
[...]
Memory Configuration

Name             Origin             Length             Attributes
RAM              0x20000000         0x00005000         xrw
FLASH            0x08000000         0x00010000         xr
*default*        0x00000000         0xffffffff

Linker script and memory map

LOAD c:/progra~2/gnuarm~1/102020~1/bin/../lib/gcc/arm-none-eabi/10.2.1/thumb/v7-m/nofp/crti.o
LOAD c:/progra~2/gnuarm~1/102020~1/bin/../lib/gcc/arm-none-eabi/10.2.1/thumb/v7-m/nofp/crtbegin.o
LOAD c:/progra~2/gnuarm~1/102020~1/bin/../lib/gcc/arm-none-eabi/10.2.1/../../../../arm-none-eabi/lib/thumb/v7-m/nofp/crt0.o
LOAD CMakeFiles/C8T6_USB_Demo.elf.dir/Core/Src/gpio.c.obj
LOAD CMakeFiles/C8T6_USB_Demo.elf.dir/Core/Src/main.c.obj
LOAD CMakeFiles/C8T6_USB_Demo.elf.dir/Core/Src/stm32f1xx_hal_msp.c.obj
LOAD CMakeFiles/C8T6_USB_Demo.elf.dir/Core/Src/stm32f1xx_it.c.obj
LOAD CMakeFiles/C8T6_USB_Demo.elf.dir/Core/Src/syscalls.c.obj
LOAD CMakeFiles/C8T6_USB_Demo.elf.dir/Core/Src/sysmem.c.obj
LOAD CMakeFiles/C8T6_USB_Demo.elf.dir/Core/Src/system_stm32f1xx.c.obj
LOAD CMakeFiles/C8T6_USB_Demo.elf.dir/Core/Startup/startup_stm32f103c8tx.s.obj
LOAD CMakeFiles/C8T6_USB_Demo.elf.dir/Drivers/STM32F1xx_HAL_Driver/Src/stm32f1xx_hal.c.obj
LOAD CMakeFiles/C8T6_USB_Demo.elf.dir/Drivers/STM32F1xx_HAL_Driver/Src/stm32f1xx_hal_cortex.c.obj
LOAD CMakeFiles/C8T6_USB_Demo.elf.dir/Drivers/STM32F1xx_HAL_Driver/Src/stm32f1xx_hal_dma.c.obj
LOAD CMakeFiles/C8T6_USB_Demo.elf.dir/Drivers/STM32F1xx_HAL_Driver/Src/stm32f1xx_hal_exti.c.obj
LOAD CMakeFiles/C8T6_USB_Demo.elf.dir/Drivers/STM32F1xx_HAL_Driver/Src/stm32f1xx_hal_flash.c.obj
LOAD CMakeFiles/C8T6_USB_Demo.elf.dir/Drivers/STM32F1xx_HAL_Driver/Src/stm32f1xx_hal_flash_ex.c.obj
LOAD CMakeFiles/C8T6_USB_Demo.elf.dir/Drivers/STM32F1xx_HAL_Driver/Src/stm32f1xx_hal_gpio.c.obj
LOAD CMakeFiles/C8T6_USB_Demo.elf.dir/Drivers/STM32F1xx_HAL_Driver/Src/stm32f1xx_hal_gpio_ex.c.obj
LOAD CMakeFiles/C8T6_USB_Demo.elf.dir/Drivers/STM32F1xx_HAL_Driver/Src/stm32f1xx_hal_pcd.c.obj
LOAD CMakeFiles/C8T6_USB_Demo.elf.dir/Drivers/STM32F1xx_HAL_Driver/Src/stm32f1xx_hal_pcd_ex.c.obj
LOAD CMakeFiles/C8T6_USB_Demo.elf.dir/Drivers/STM32F1xx_HAL_Driver/Src/stm32f1xx_hal_pwr.c.obj
LOAD CMakeFiles/C8T6_USB_Demo.elf.dir/Drivers/STM32F1xx_HAL_Driver/Src/stm32f1xx_hal_rcc.c.obj
LOAD CMakeFiles/C8T6_USB_Demo.elf.dir/Drivers/STM32F1xx_HAL_Driver/Src/stm32f1xx_hal_rcc_ex.c.obj
LOAD CMakeFiles/C8T6_USB_Demo.elf.dir/Drivers/STM32F1xx_HAL_Driver/Src/stm32f1xx_hal_tim.c.obj
LOAD CMakeFiles/C8T6_USB_Demo.elf.dir/Drivers/STM32F1xx_HAL_Driver/Src/stm32f1xx_hal_tim_ex.c.obj
LOAD CMakeFiles/C8T6_USB_Demo.elf.dir/Drivers/STM32F1xx_HAL_Driver/Src/stm32f1xx_ll_usb.c.obj
LOAD CMakeFiles/C8T6_USB_Demo.elf.dir/Middlewares/ST/STM32_USB_Device_Library/Class/HID/Src/usbd_hid.c.obj
LOAD CMakeFiles/C8T6_USB_Demo.elf.dir/Middlewares/ST/STM32_USB_Device_Library/Core/Src/usbd_core.c.obj
LOAD CMakeFiles/C8T6_USB_Demo.elf.dir/Middlewares/ST/STM32_USB_Device_Library/Core/Src/usbd_ctlreq.c.obj
LOAD CMakeFiles/C8T6_USB_Demo.elf.dir/Middlewares/ST/STM32_USB_Device_Library/Core/Src/usbd_ioreq.c.obj
LOAD CMakeFiles/C8T6_USB_Demo.elf.dir/USB_DEVICE/App/usb_device.c.obj
LOAD CMakeFiles/C8T6_USB_Demo.elf.dir/USB_DEVICE/App/usbd_desc.c.obj
LOAD CMakeFiles/C8T6_USB_Demo.elf.dir/USB_DEVICE/Target/usbd_conf.c.obj
START GROUP
LOAD c:/progra~2/gnuarm~1/102020~1/bin/../lib/gcc/arm-none-eabi/10.2.1/thumb/v7-m/nofp\libgcc.a
LOAD c:/progra~2/gnuarm~1/102020~1/bin/../lib/gcc/arm-none-eabi/10.2.1/../../../../arm-none-eabi/lib/thumb/v7-m/nofp\libg.a
LOAD c:/progra~2/gnuarm~1/102020~1/bin/../lib/gcc/arm-none-eabi/10.2.1/../../../../arm-none-eabi/lib/thumb/v7-m/nofp\libc.a
END GROUP
LOAD c:/progra~2/gnuarm~1/102020~1/bin/../lib/gcc/arm-none-eabi/10.2.1/thumb/v7-m/nofp/crtend.o
LOAD c:/progra~2/gnuarm~1/102020~1/bin/../lib/gcc/arm-none-eabi/10.2.1/thumb/v7-m/nofp/crtn.o
                0x20005000                _estack = (ORIGIN (RAM) + LENGTH (RAM))
                0x00000200                _Min_Heap_Size = 0x200
                0x00000400                _Min_Stack_Size = 0x400

.isr_vector     0x08000000      0x10c
                0x08000000                . = ALIGN (0x4)
 *(.isr_vector)
 .isr_vector    0x08000000      0x10c CMakeFiles/C8T6_USB_Demo.elf.dir/Core/Startup/startup_stm32f103c8tx.s.obj
                0x08000000                g_pfnVectors
                0x0800010c                . = ALIGN (0x4)

.text           0x0800010c     0x3dd8
                0x0800010c                . = ALIGN (0x4)
 *(.text)
 .text          0x0800010c       0x40 c:/progra~2/gnuarm~1/102020~1/bin/../lib/gcc/arm-none-eabi/10.2.1/thumb/v7-m/nofp/crtbegin.o
 *(.text*)
 .text.MX_GPIO_Init
                0x0800014c       0x90 CMakeFiles/C8T6_USB_Demo.elf.dir/Core/Src/gpio.c.obj
                0x0800014c                MX_GPIO_Init
 .text.Error_Handler
                0x080001dc        0x4 CMakeFiles/C8T6_USB_Demo.elf.dir/Core/Src/main.c.obj
                0x080001dc                Error_Handler
 .text.SystemClock_Config
                0x080001e0       0x86 CMakeFiles/C8T6_USB_Demo.elf.dir/Core/Src/main.c.obj
                0x080001e0                SystemClock_Config
 *fill*         0x08000266        0x2 
 .text.main     0x08000268       0xa8 CMakeFiles/C8T6_USB_Demo.elf.dir/Core/Src/main.c.obj
                0x08000268                main
 .text.HAL_MspInit
                0x08000310       0x44 CMakeFiles/C8T6_USB_Demo.elf.dir/Core/Src/stm32f1xx_hal_msp.c.obj
                0x08000310                HAL_MspInit
 .text.NMI_Handler
                0x08000354        0x2 CMakeFiles/C8T6_USB_Demo.elf.dir/Core/Src/stm32f1xx_it.c.obj
                0x08000354                NMI_Handler
 .text.HardFault_Handler
                0x08000356        0x2 CMakeFiles/C8T6_USB_Demo.elf.dir/Core/Src/stm32f1xx_it.c.obj
                0x08000356                HardFault_Handler
 .text.MemManage_Handler
                0x08000358        0x2 CMakeFiles/C8T6_USB_Demo.elf.dir/Core/Src/stm32f1xx_it.c.obj
                0x08000358                MemManage_Handler
 .text.BusFault_Handler
                0x0800035a        0x2 CMakeFiles/C8T6_USB_Demo.elf.dir/Core/Src/stm32f1xx_it.c.obj
                0x0800035a                BusFault_Handler
 .text.UsageFault_Handler
                0x0800035c        0x2 CMakeFiles/C8T6_USB_Demo.elf.dir/Core/Src/stm32f1xx_it.c.obj
                0x0800035c                UsageFault_Handler
 .text.SVC_Handler
                0x0800035e        0x2 CMakeFiles/C8T6_USB_Demo.elf.dir/Core/Src/stm32f1xx_it.c.obj
                0x0800035e                SVC_Handler
 .text.DebugMon_Handler
                0x08000360        0x2 CMakeFiles/C8T6_USB_Demo.elf.dir/Core/Src/stm32f1xx_it.c.obj
                0x08000360                DebugMon_Handler
 .text.PendSV_Handler
                0x08000362        0x2 CMakeFiles/C8T6_USB_Demo.elf.dir/Core/Src/stm32f1xx_it.c.obj
                0x08000362                PendSV_Handler
 .text.SysTick_Handler
                0x08000364        0x8 CMakeFiles/C8T6_USB_Demo.elf.dir/Core/Src/stm32f1xx_it.c.obj
                0x08000364                SysTick_Handler
 .text.USB_LP_CAN1_RX0_IRQHandler
                0x0800036c       0x10 CMakeFiles/C8T6_USB_Demo.elf.dir/Core/Src/stm32f1xx_it.c.obj
                0x0800036c                USB_LP_CAN1_RX0_IRQHandler
 .text.SystemInit
                0x0800037c        0x2 CMakeFiles/C8T6_USB_Demo.elf.dir/Core/Src/system_stm32f1xx.c.obj
                0x0800037c                SystemInit
 *fill*         0x0800037e        0x2 
 .text.Reset_Handler
                0x08000380       0x48 CMakeFiles/C8T6_USB_Demo.elf.dir/Core/Startup/startup_stm32f103c8tx.s.obj
                0x08000380                Reset_Handler
 .text.Default_Handler
                0x080003c8        0x2 CMakeFiles/C8T6_USB_Demo.elf.dir/Core/Startup/startup_stm32f103c8tx.s.obj
                0x080003c8                RTC_Alarm_IRQHandler
                0x080003c8                EXTI2_IRQHandler
                0x080003c8                TIM1_CC_IRQHandler
                0x080003c8                PVD_IRQHandler
                0x080003c8                EXTI3_IRQHandler
                0x080003c8                EXTI0_IRQHandler
                0x080003c8                I2C2_EV_IRQHandler
                0x080003c8                ADC1_2_IRQHandler
                0x080003c8                SPI1_IRQHandler
                0x080003c8                TAMPER_IRQHandler
                0x080003c8                DMA1_Channel4_IRQHandler
                0x080003c8                USART3_IRQHandler
                0x080003c8                RTC_IRQHandler
                0x080003c8                DMA1_Channel7_IRQHandler
                0x080003c8                CAN1_RX1_IRQHandler
                0x080003c8                TIM4_IRQHandler
                0x080003c8                I2C1_EV_IRQHandler
                0x080003c8                DMA1_Channel6_IRQHandler
                0x080003c8                TIM3_IRQHandler
                0x080003c8                RCC_IRQHandler
                0x080003c8                TIM1_TRG_COM_IRQHandler
                0x080003c8                DMA1_Channel1_IRQHandler
                0x080003c8                Default_Handler
                0x080003c8                EXTI15_10_IRQHandler
                0x080003c8                EXTI9_5_IRQHandler
                0x080003c8                SPI2_IRQHandler
                0x080003c8                DMA1_Channel5_IRQHandler
                0x080003c8                EXTI4_IRQHandler
                0x080003c8                USB_HP_CAN1_TX_IRQHandler
                0x080003c8                DMA1_Channel3_IRQHandler
                0x080003c8                TIM1_UP_IRQHandler
                0x080003c8                WWDG_IRQHandler
                0x080003c8                TIM2_IRQHandler
                0x080003c8                TIM1_BRK_IRQHandler
                0x080003c8                EXTI1_IRQHandler
                0x080003c8                USART2_IRQHandler
                0x080003c8                I2C2_ER_IRQHandler
                0x080003c8                DMA1_Channel2_IRQHandler
                0x080003c8                CAN1_SCE_IRQHandler
                0x080003c8                FLASH_IRQHandler
                0x080003c8                USART1_IRQHandler
                0x080003c8                I2C1_ER_IRQHandler
                0x080003c8                USBWakeUp_IRQHandler
 *fill*         0x080003ca        0x2 
 .text.HAL_InitTick
                0x080003cc       0x4c CMakeFiles/C8T6_USB_Demo.elf.dir/Drivers/STM32F1xx_HAL_Driver/Src/stm32f1xx_hal.c.obj
                0x080003cc                HAL_InitTick
 .text.HAL_Init
                0x08000418       0x24 CMakeFiles/C8T6_USB_Demo.elf.dir/Drivers/STM32F1xx_HAL_Driver/Src/stm32f1xx_hal.c.obj
                0x08000418                HAL_Init
 .text.HAL_IncTick
                0x0800043c       0x18 CMakeFiles/C8T6_USB_Demo.elf.dir/Drivers/STM32F1xx_HAL_Driver/Src/stm32f1xx_hal.c.obj
                0x0800043c                HAL_IncTick
 .text.HAL_GetTick
                0x08000454        0xc CMakeFiles/C8T6_USB_Demo.elf.dir/Drivers/STM32F1xx_HAL_Driver/Src/stm32f1xx_hal.c.obj
                0x08000454                HAL_GetTick
 .text.HAL_Delay
                0x08000460       0x28 CMakeFiles/C8T6_USB_Demo.elf.dir/Drivers/STM32F1xx_HAL_Driver/Src/stm32f1xx_hal.c.obj
                0x08000460                HAL_Delay
 .text.HAL_NVIC_SetPriorityGrouping
                0x08000488       0x24 CMakeFiles/C8T6_USB_Demo.elf.dir/Drivers/STM32F1xx_HAL_Driver/Src/stm32f1xx_hal_cortex.c.obj
                0x08000488                HAL_NVIC_SetPriorityGrouping
 .text.HAL_NVIC_SetPriority
                0x080004ac       0x70 CMakeFiles/C8T6_USB_Demo.elf.dir/Drivers/STM32F1xx_HAL_Driver/Src/stm32f1xx_hal_cortex.c.obj
                0x080004ac                HAL_NVIC_SetPriority
 .text.HAL_NVIC_EnableIRQ
                0x0800051c       0x1c CMakeFiles/C8T6_USB_Demo.elf.dir/Drivers/STM32F1xx_HAL_Driver/Src/stm32f1xx_hal_cortex.c.obj
                0x0800051c                HAL_NVIC_EnableIRQ
 .text.HAL_SYSTICK_Config
                0x08000538       0x28 CMakeFiles/C8T6_USB_Demo.elf.dir/Drivers/STM32F1xx_HAL_Driver/Src/stm32f1xx_hal_cortex.c.obj
                0x08000538                HAL_SYSTICK_Config
 .text.HAL_GPIO_Init
                0x08000560      0x224 CMakeFiles/C8T6_USB_Demo.elf.dir/Drivers/STM32F1xx_HAL_Driver/Src/stm32f1xx_hal_gpio.c.obj
                0x08000560                HAL_GPIO_Init
 .text.HAL_GPIO_ReadPin
                0x08000784        0xe CMakeFiles/C8T6_USB_Demo.elf.dir/Drivers/STM32F1xx_HAL_Driver/Src/stm32f1xx_hal_gpio.c.obj
                0x08000784                HAL_GPIO_ReadPin
 .text.HAL_GPIO_WritePin
                0x08000792        0xc CMakeFiles/C8T6_USB_Demo.elf.dir/Drivers/STM32F1xx_HAL_Driver/Src/stm32f1xx_hal_gpio.c.obj
                0x08000792                HAL_GPIO_WritePin
 .text.HAL_PCD_EP_DB_Receive
                0x0800079e      0x11c CMakeFiles/C8T6_USB_Demo.elf.dir/Drivers/STM32F1xx_HAL_Driver/Src/stm32f1xx_hal_pcd.c.obj
 .text.HAL_PCD_Init
                0x080008ba      0x110 CMakeFiles/C8T6_USB_Demo.elf.dir/Drivers/STM32F1xx_HAL_Driver/Src/stm32f1xx_hal_pcd.c.obj
                0x080008ba                HAL_PCD_Init
 .text.HAL_PCD_Start
                0x080009ca       0x32 CMakeFiles/C8T6_USB_Demo.elf.dir/Drivers/STM32F1xx_HAL_Driver/Src/stm32f1xx_hal_pcd.c.obj
                0x080009ca                HAL_PCD_Start
 .text.HAL_PCD_EP_DB_Transmit
                0x080009fc      0x424 CMakeFiles/C8T6_USB_Demo.elf.dir/Drivers/STM32F1xx_HAL_Driver/Src/stm32f1xx_hal_pcd.c.obj
 .text.PCD_EP_ISR_Handler
                0x08000e20      0x536 CMakeFiles/C8T6_USB_Demo.elf.dir/Drivers/STM32F1xx_HAL_Driver/Src/stm32f1xx_hal_pcd.c.obj
 .text.HAL_PCD_SetAddress
                0x08001356       0x28 CMakeFiles/C8T6_USB_Demo.elf.dir/Drivers/STM32F1xx_HAL_Driver/Src/stm32f1xx_hal_pcd.c.obj
                0x08001356                HAL_PCD_SetAddress
 .text.HAL_PCD_IRQHandler
                0x0800137e      0x1b0 CMakeFiles/C8T6_USB_Demo.elf.dir/Drivers/STM32F1xx_HAL_Driver/Src/stm32f1xx_hal_pcd.c.obj
                0x0800137e                HAL_PCD_IRQHandler
 .text.HAL_PCD_EP_Open
                0x0800152e       0x7c CMakeFiles/C8T6_USB_Demo.elf.dir/Drivers/STM32F1xx_HAL_Driver/Src/stm32f1xx_hal_pcd.c.obj
                0x0800152e                HAL_PCD_EP_Open
 .text.HAL_PCD_EP_Close
                0x080015aa       0x64 CMakeFiles/C8T6_USB_Demo.elf.dir/Drivers/STM32F1xx_HAL_Driver/Src/stm32f1xx_hal_pcd.c.obj
                0x080015aa                HAL_PCD_EP_Close
 .text.HAL_PCD_EP_Receive
                0x0800160e       0x3a CMakeFiles/C8T6_USB_Demo.elf.dir/Drivers/STM32F1xx_HAL_Driver/Src/stm32f1xx_hal_pcd.c.obj
                0x0800160e                HAL_PCD_EP_Receive
 .text.HAL_PCD_EP_Transmit
                0x08001648       0x44 CMakeFiles/C8T6_USB_Demo.elf.dir/Drivers/STM32F1xx_HAL_Driver/Src/stm32f1xx_hal_pcd.c.obj
                0x08001648                HAL_PCD_EP_Transmit
 .text.HAL_PCD_EP_SetStall
                0x0800168c       0x78 CMakeFiles/C8T6_USB_Demo.elf.dir/Drivers/STM32F1xx_HAL_Driver/Src/stm32f1xx_hal_pcd.c.obj
                0x0800168c                HAL_PCD_EP_SetStall
 .text.HAL_PCD_EP_ClrStall
                0x08001704       0x76 CMakeFiles/C8T6_USB_Demo.elf.dir/Drivers/STM32F1xx_HAL_Driver/Src/stm32f1xx_hal_pcd.c.obj
                0x08001704                HAL_PCD_EP_ClrStall
 .text.HAL_PCDEx_PMAConfig
                0x0800177a       0x38 CMakeFiles/C8T6_USB_Demo.elf.dir/Drivers/STM32F1xx_HAL_Driver/Src/stm32f1xx_hal_pcd_ex.c.obj
                0x0800177a                HAL_PCDEx_PMAConfig
 *fill*         0x080017b2        0x2 
 .text.RCC_Delay
                0x080017b4       0x2c CMakeFiles/C8T6_USB_Demo.elf.dir/Drivers/STM32F1xx_HAL_Driver/Src/stm32f1xx_hal_rcc.c.obj
 .text.HAL_RCC_OscConfig
                0x080017e0      0x410 CMakeFiles/C8T6_USB_Demo.elf.dir/Drivers/STM32F1xx_HAL_Driver/Src/stm32f1xx_hal_rcc.c.obj
                0x080017e0                HAL_RCC_OscConfig
 .text.HAL_RCC_GetSysClockFreq
                0x08001bf0       0x54 CMakeFiles/C8T6_USB_Demo.elf.dir/Drivers/STM32F1xx_HAL_Driver/Src/stm32f1xx_hal_rcc.c.obj
                0x08001bf0                HAL_RCC_GetSysClockFreq
 .text.HAL_RCC_ClockConfig
                0x08001c44      0x16c CMakeFiles/C8T6_USB_Demo.elf.dir/Drivers/STM32F1xx_HAL_Driver/Src/stm32f1xx_hal_rcc.c.obj
                0x08001c44                HAL_RCC_ClockConfig
 .text.HAL_RCCEx_PeriphCLKConfig
                0x08001db0      0x118 CMakeFiles/C8T6_USB_Demo.elf.dir/Drivers/STM32F1xx_HAL_Driver/Src/stm32f1xx_hal_rcc_ex.c.obj
                0x08001db0                HAL_RCCEx_PeriphCLKConfig
 .text.USB_CoreInit
                0x08001ec8        0xe CMakeFiles/C8T6_USB_Demo.elf.dir/Drivers/STM32F1xx_HAL_Driver/Src/stm32f1xx_ll_usb.c.obj
                0x08001ec8                USB_CoreInit
 .text.USB_EnableGlobalInt
                0x08001ed6       0x12 CMakeFiles/C8T6_USB_Demo.elf.dir/Drivers/STM32F1xx_HAL_Driver/Src/stm32f1xx_ll_usb.c.obj
                0x08001ed6                USB_EnableGlobalInt
 .text.USB_DisableGlobalInt
                0x08001ee8       0x14 CMakeFiles/C8T6_USB_Demo.elf.dir/Drivers/STM32F1xx_HAL_Driver/Src/stm32f1xx_ll_usb.c.obj
                0x08001ee8                USB_DisableGlobalInt
 .text.USB_SetCurrentMode
                0x08001efc        0x4 CMakeFiles/C8T6_USB_Demo.elf.dir/Drivers/STM32F1xx_HAL_Driver/Src/stm32f1xx_ll_usb.c.obj
                0x08001efc                USB_SetCurrentMode
 .text.USB_DevInit
                0x08001f00       0x22 CMakeFiles/C8T6_USB_Demo.elf.dir/Drivers/STM32F1xx_HAL_Driver/Src/stm32f1xx_ll_usb.c.obj
                0x08001f00                USB_DevInit
 .text.USB_ActivateEndpoint
                0x08001f22      0x3ca CMakeFiles/C8T6_USB_Demo.elf.dir/Drivers/STM32F1xx_HAL_Driver/Src/stm32f1xx_ll_usb.c.obj
                0x08001f22                USB_ActivateEndpoint
 .text.USB_DeactivateEndpoint
                0x080022ec      0x1d6 CMakeFiles/C8T6_USB_Demo.elf.dir/Drivers/STM32F1xx_HAL_Driver/Src/stm32f1xx_ll_usb.c.obj
                0x080022ec                USB_DeactivateEndpoint
 .text.USB_EPSetStall
                0x080024c2       0x4a CMakeFiles/C8T6_USB_Demo.elf.dir/Drivers/STM32F1xx_HAL_Driver/Src/stm32f1xx_ll_usb.c.obj
                0x080024c2                USB_EPSetStall
 .text.USB_EPClearStall
                0x0800250c       0xa2 CMakeFiles/C8T6_USB_Demo.elf.dir/Drivers/STM32F1xx_HAL_Driver/Src/stm32f1xx_ll_usb.c.obj
                0x0800250c                USB_EPClearStall
 .text.USB_SetDevAddress
                0x080025ae        0xc CMakeFiles/C8T6_USB_Demo.elf.dir/Drivers/STM32F1xx_HAL_Driver/Src/stm32f1xx_ll_usb.c.obj
                0x080025ae                USB_SetDevAddress
 .text.USB_DevConnect
                0x080025ba        0x4 CMakeFiles/C8T6_USB_Demo.elf.dir/Drivers/STM32F1xx_HAL_Driver/Src/stm32f1xx_ll_usb.c.obj
                0x080025ba                USB_DevConnect
 .text.USB_DevDisconnect
                0x080025be        0x4 CMakeFiles/C8T6_USB_Demo.elf.dir/Drivers/STM32F1xx_HAL_Driver/Src/stm32f1xx_ll_usb.c.obj
                0x080025be                USB_DevDisconnect
 .text.USB_ReadInterrupts
                0x080025c2        0x8 CMakeFiles/C8T6_USB_Demo.elf.dir/Drivers/STM32F1xx_HAL_Driver/Src/stm32f1xx_ll_usb.c.obj
                0x080025c2                USB_ReadInterrupts
 .text.USB_EP0_OutStart
                0x080025ca        0x4 CMakeFiles/C8T6_USB_Demo.elf.dir/Drivers/STM32F1xx_HAL_Driver/Src/stm32f1xx_ll_usb.c.obj
                0x080025ca                USB_EP0_OutStart
 .text.USB_WritePMA
                0x080025ce       0x28 CMakeFiles/C8T6_USB_Demo.elf.dir/Drivers/STM32F1xx_HAL_Driver/Src/stm32f1xx_ll_usb.c.obj
                0x080025ce                USB_WritePMA
 .text.USB_EPStartXfer
                0x080025f6      0x7ce CMakeFiles/C8T6_USB_Demo.elf.dir/Drivers/STM32F1xx_HAL_Driver/Src/stm32f1xx_ll_usb.c.obj
                0x080025f6                USB_EPStartXfer
 .text.USB_ReadPMA
                0x08002dc4       0x30 CMakeFiles/C8T6_USB_Demo.elf.dir/Drivers/STM32F1xx_HAL_Driver/Src/stm32f1xx_ll_usb.c.obj
                0x08002dc4                USB_ReadPMA
 .text.USBD_HID_GetFSCfgDesc
                0x08002df4        0xc CMakeFiles/C8T6_USB_Demo.elf.dir/Middlewares/ST/STM32_USB_Device_Library/Class/HID/Src/usbd_hid.c.obj
 .text.USBD_HID_GetHSCfgDesc
                0x08002e00        0xc CMakeFiles/C8T6_USB_Demo.elf.dir/Middlewares/ST/STM32_USB_Device_Library/Class/HID/Src/usbd_hid.c.obj
 .text.USBD_HID_GetOtherSpeedCfgDesc
                0x08002e0c        0xc CMakeFiles/C8T6_USB_Demo.elf.dir/Middlewares/ST/STM32_USB_Device_Library/Class/HID/Src/usbd_hid.c.obj
 .text.USBD_HID_DataIn
                0x08002e18        0xa CMakeFiles/C8T6_USB_Demo.elf.dir/Middlewares/ST/STM32_USB_Device_Library/Class/HID/Src/usbd_hid.c.obj
 *fill*         0x08002e22        0x2 
 .text.USBD_HID_GetDeviceQualifierDesc
                0x08002e24        0xc CMakeFiles/C8T6_USB_Demo.elf.dir/Middlewares/ST/STM32_USB_Device_Library/Class/HID/Src/usbd_hid.c.obj
 .text.USBD_HID_Setup
                0x08002e30      0x118 CMakeFiles/C8T6_USB_Demo.elf.dir/Middlewares/ST/STM32_USB_Device_Library/Class/HID/Src/usbd_hid.c.obj
 .text.USBD_HID_DeInit
                0x08002f48       0x2c CMakeFiles/C8T6_USB_Demo.elf.dir/Middlewares/ST/STM32_USB_Device_Library/Class/HID/Src/usbd_hid.c.obj
 .text.USBD_HID_Init
                0x08002f74       0x3a CMakeFiles/C8T6_USB_Demo.elf.dir/Middlewares/ST/STM32_USB_Device_Library/Class/HID/Src/usbd_hid.c.obj
 .text.USBD_HID_SendReport
                0x08002fae       0x28 CMakeFiles/C8T6_USB_Demo.elf.dir/Middlewares/ST/STM32_USB_Device_Library/Class/HID/Src/usbd_hid.c.obj
                0x08002fae                USBD_HID_SendReport
 .text.USBD_Init
                0x08002fd6       0x2e CMakeFiles/C8T6_USB_Demo.elf.dir/Middlewares/ST/STM32_USB_Device_Library/Core/Src/usbd_core.c.obj
                0x08002fd6                USBD_Init
 .text.USBD_RegisterClass
                0x08003004        0xe CMakeFiles/C8T6_USB_Demo.elf.dir/Middlewares/ST/STM32_USB_Device_Library/Core/Src/usbd_core.c.obj
                0x08003004                USBD_RegisterClass
 .text.USBD_Start
                0x08003012        0xa CMakeFiles/C8T6_USB_Demo.elf.dir/Middlewares/ST/STM32_USB_Device_Library/Core/Src/usbd_core.c.obj
                0x08003012                USBD_Start
 .text.USBD_SetClassConfig
                0x0800301c       0x18 CMakeFiles/C8T6_USB_Demo.elf.dir/Middlewares/ST/STM32_USB_Device_Library/Core/Src/usbd_core.c.obj
                0x0800301c                USBD_SetClassConfig
 .text.USBD_ClrClassConfig
                0x08003034        0xe CMakeFiles/C8T6_USB_Demo.elf.dir/Middlewares/ST/STM32_USB_Device_Library/Core/Src/usbd_core.c.obj
                0x08003034                USBD_ClrClassConfig
 .text.USBD_LL_SetupStage
                0x08003042       0x5a CMakeFiles/C8T6_USB_Demo.elf.dir/Middlewares/ST/STM32_USB_Device_Library/Core/Src/usbd_core.c.obj
                0x08003042                USBD_LL_SetupStage
 .text.USBD_LL_DataOutStage
                0x0800309c       0x8c CMakeFiles/C8T6_USB_Demo.elf.dir/Middlewares/ST/STM32_USB_Device_Library/Core/Src/usbd_core.c.obj
                0x0800309c                USBD_LL_DataOutStage
 .text.USBD_LL_DataInStage
                0x08003128       0xd0 CMakeFiles/C8T6_USB_Demo.elf.dir/Middlewares/ST/STM32_USB_Device_Library/Core/Src/usbd_core.c.obj
                0x08003128                USBD_LL_DataInStage
 .text.USBD_LL_Reset
                0x080031f8       0x50 CMakeFiles/C8T6_USB_Demo.elf.dir/Middlewares/ST/STM32_USB_Device_Library/Core/Src/usbd_core.c.obj
                0x080031f8                USBD_LL_Reset
 .text.USBD_LL_SetSpeed
                0x08003248        0x6 CMakeFiles/C8T6_USB_Demo.elf.dir/Middlewares/ST/STM32_USB_Device_Library/Core/Src/usbd_core.c.obj
                0x08003248                USBD_LL_SetSpeed
 .text.USBD_LL_Suspend
                0x0800324e       0x12 CMakeFiles/C8T6_USB_Demo.elf.dir/Middlewares/ST/STM32_USB_Device_Library/Core/Src/usbd_core.c.obj
                0x0800324e                USBD_LL_Suspend
 .text.USBD_LL_Resume
                0x08003260       0x16 CMakeFiles/C8T6_USB_Demo.elf.dir/Middlewares/ST/STM32_USB_Device_Library/Core/Src/usbd_core.c.obj
                0x08003260                USBD_LL_Resume
 .text.USBD_LL_SOF
                0x08003276       0x1c CMakeFiles/C8T6_USB_Demo.elf.dir/Middlewares/ST/STM32_USB_Device_Library/Core/Src/usbd_core.c.obj
                0x08003276                USBD_LL_SOF
 .text.USBD_GetLen
                0x08003292       0x14 CMakeFiles/C8T6_USB_Demo.elf.dir/Middlewares/ST/STM32_USB_Device_Library/Core/Src/usbd_ctlreq.c.obj
 .text.USBD_SetFeature
                0x080032a6       0x14 CMakeFiles/C8T6_USB_Demo.elf.dir/Middlewares/ST/STM32_USB_Device_Library/Core/Src/usbd_ctlreq.c.obj
 .text.USBD_ParseSetupRequest
                0x080032ba       0x28 CMakeFiles/C8T6_USB_Demo.elf.dir/Middlewares/ST/STM32_USB_Device_Library/Core/Src/usbd_ctlreq.c.obj
                0x080032ba                USBD_ParseSetupRequest
 .text.USBD_CtlError
                0x080032e2       0x14 CMakeFiles/C8T6_USB_Demo.elf.dir/Middlewares/ST/STM32_USB_Device_Library/Core/Src/usbd_ctlreq.c.obj
                0x080032e2                USBD_CtlError
 .text.USBD_GetDescriptor
                0x080032f6      0x186 CMakeFiles/C8T6_USB_Demo.elf.dir/Middlewares/ST/STM32_USB_Device_Library/Core/Src/usbd_ctlreq.c.obj
 .text.USBD_SetAddress
                0x0800347c       0x4e CMakeFiles/C8T6_USB_Demo.elf.dir/Middlewares/ST/STM32_USB_Device_Library/Core/Src/usbd_ctlreq.c.obj
 *fill*         0x080034ca        0x2 
 .text.USBD_SetConfig
                0x080034cc       0xb0 CMakeFiles/C8T6_USB_Demo.elf.dir/Middlewares/ST/STM32_USB_Device_Library/Core/Src/usbd_ctlreq.c.obj
 .text.USBD_GetConfig
                0x0800357c       0x3e CMakeFiles/C8T6_USB_Demo.elf.dir/Middlewares/ST/STM32_USB_Device_Library/Core/Src/usbd_ctlreq.c.obj
 .text.USBD_GetStatus
                0x080035ba       0x38 CMakeFiles/C8T6_USB_Demo.elf.dir/Middlewares/ST/STM32_USB_Device_Library/Core/Src/usbd_ctlreq.c.obj
 .text.USBD_ClrFeature
                0x080035f2       0x26 CMakeFiles/C8T6_USB_Demo.elf.dir/Middlewares/ST/STM32_USB_Device_Library/Core/Src/usbd_ctlreq.c.obj
 .text.USBD_StdDevReq
                0x08003618       0x68 CMakeFiles/C8T6_USB_Demo.elf.dir/Middlewares/ST/STM32_USB_Device_Library/Core/Src/usbd_ctlreq.c.obj
                0x08003618                USBD_StdDevReq
 .text.USBD_StdItfReq
                0x08003680       0x60 CMakeFiles/C8T6_USB_Demo.elf.dir/Middlewares/ST/STM32_USB_Device_Library/Core/Src/usbd_ctlreq.c.obj
                0x08003680                USBD_StdItfReq
 .text.USBD_StdEPReq
                0x080036e0      0x1e2 CMakeFiles/C8T6_USB_Demo.elf.dir/Middlewares/ST/STM32_USB_Device_Library/Core/Src/usbd_ctlreq.c.obj
                0x080036e0                USBD_StdEPReq
 .text.USBD_GetString
                0x080038c2       0x3a CMakeFiles/C8T6_USB_Demo.elf.dir/Middlewares/ST/STM32_USB_Device_Library/Core/Src/usbd_ctlreq.c.obj
                0x080038c2                USBD_GetString
 .text.USBD_CtlSendData
                0x080038fc       0x1a CMakeFiles/C8T6_USB_Demo.elf.dir/Middlewares/ST/STM32_USB_Device_Library/Core/Src/usbd_ioreq.c.obj
                0x080038fc                USBD_CtlSendData
 .text.USBD_CtlContinueSendData
                0x08003916       0x10 CMakeFiles/C8T6_USB_Demo.elf.dir/Middlewares/ST/STM32_USB_Device_Library/Core/Src/usbd_ioreq.c.obj
                0x08003916                USBD_CtlContinueSendData
 .text.USBD_CtlContinueRx
                0x08003926       0x10 CMakeFiles/C8T6_USB_Demo.elf.dir/Middlewares/ST/STM32_USB_Device_Library/Core/Src/usbd_ioreq.c.obj
                0x08003926                USBD_CtlContinueRx
 .text.USBD_CtlSendStatus
                0x08003936       0x16 CMakeFiles/C8T6_USB_Demo.elf.dir/Middlewares/ST/STM32_USB_Device_Library/Core/Src/usbd_ioreq.c.obj
                0x08003936                USBD_CtlSendStatus
 .text.USBD_CtlReceiveStatus
                0x0800394c       0x16 CMakeFiles/C8T6_USB_Demo.elf.dir/Middlewares/ST/STM32_USB_Device_Library/Core/Src/usbd_ioreq.c.obj
                0x0800394c                USBD_CtlReceiveStatus
 *fill*         0x08003962        0x2 
 .text.MX_USB_DEVICE_Init
                0x08003964       0x40 CMakeFiles/C8T6_USB_Demo.elf.dir/USB_DEVICE/App/usb_device.c.obj
                0x08003964                MX_USB_DEVICE_Init
 .text.USBD_FS_DeviceDescriptor
                0x080039a4        0xc CMakeFiles/C8T6_USB_Demo.elf.dir/USB_DEVICE/App/usbd_desc.c.obj
                0x080039a4                USBD_FS_DeviceDescriptor
 .text.USBD_FS_LangIDStrDescriptor
                0x080039b0        0xc CMakeFiles/C8T6_USB_Demo.elf.dir/USB_DEVICE/App/usbd_desc.c.obj
                0x080039b0                USBD_FS_LangIDStrDescriptor
 .text.IntToUnicode
                0x080039bc       0x46 CMakeFiles/C8T6_USB_Demo.elf.dir/USB_DEVICE/App/usbd_desc.c.obj
 *fill*         0x08003a02        0x2 
 .text.Get_SerialNum
                0x08003a04       0x38 CMakeFiles/C8T6_USB_Demo.elf.dir/USB_DEVICE/App/usbd_desc.c.obj
 .text.USBD_FS_SerialStrDescriptor
                0x08003a3c       0x14 CMakeFiles/C8T6_USB_Demo.elf.dir/USB_DEVICE/App/usbd_desc.c.obj
                0x08003a3c                USBD_FS_SerialStrDescriptor
 .text.USBD_FS_ProductStrDescriptor
                0x08003a50       0x24 CMakeFiles/C8T6_USB_Demo.elf.dir/USB_DEVICE/App/usbd_desc.c.obj
                0x08003a50                USBD_FS_ProductStrDescriptor
 .text.USBD_FS_ManufacturerStrDescriptor
                0x08003a74       0x1c CMakeFiles/C8T6_USB_Demo.elf.dir/USB_DEVICE/App/usbd_desc.c.obj
                0x08003a74                USBD_FS_ManufacturerStrDescriptor
 .text.USBD_FS_ConfigStrDescriptor
                0x08003a90       0x24 CMakeFiles/C8T6_USB_Demo.elf.dir/USB_DEVICE/App/usbd_desc.c.obj
                0x08003a90                USBD_FS_ConfigStrDescriptor
 .text.USBD_FS_InterfaceStrDescriptor
                0x08003ab4       0x24 CMakeFiles/C8T6_USB_Demo.elf.dir/USB_DEVICE/App/usbd_desc.c.obj
                0x08003ab4                USBD_FS_InterfaceStrDescriptor
 .text.USBD_Get_USB_Status
                0x08003ad8       0x14 CMakeFiles/C8T6_USB_Demo.elf.dir/USB_DEVICE/Target/usbd_conf.c.obj
 .text.HAL_PCD_MspInit
                0x08003aec       0x40 CMakeFiles/C8T6_USB_Demo.elf.dir/USB_DEVICE/Target/usbd_conf.c.obj
                0x08003aec                HAL_PCD_MspInit
 .text.HAL_PCD_SetupStageCallback
                0x08003b2c       0x10 CMakeFiles/C8T6_USB_Demo.elf.dir/USB_DEVICE/Target/usbd_conf.c.obj
                0x08003b2c                HAL_PCD_SetupStageCallback
 .text.HAL_PCD_DataOutStageCallback
                0x08003b3c       0x18 CMakeFiles/C8T6_USB_Demo.elf.dir/USB_DEVICE/Target/usbd_conf.c.obj
                0x08003b3c                HAL_PCD_DataOutStageCallback
 .text.HAL_PCD_DataInStageCallback
                0x08003b54       0x16 CMakeFiles/C8T6_USB_Demo.elf.dir/USB_DEVICE/Target/usbd_conf.c.obj
                0x08003b54                HAL_PCD_DataInStageCallback
 .text.HAL_PCD_SOFCallback
                0x08003b6a        0xc CMakeFiles/C8T6_USB_Demo.elf.dir/USB_DEVICE/Target/usbd_conf.c.obj
                0x08003b6a                HAL_PCD_SOFCallback
 .text.HAL_PCD_ResetCallback
                0x08003b76       0x24 CMakeFiles/C8T6_USB_Demo.elf.dir/USB_DEVICE/Target/usbd_conf.c.obj
                0x08003b76                HAL_PCD_ResetCallback
 *fill*         0x08003b9a        0x2 
 .text.HAL_PCD_SuspendCallback
                0x08003b9c       0x20 CMakeFiles/C8T6_USB_Demo.elf.dir/USB_DEVICE/Target/usbd_conf.c.obj
                0x08003b9c                HAL_PCD_SuspendCallback
 .text.HAL_PCD_ResumeCallback
                0x08003bbc        0xc CMakeFiles/C8T6_USB_Demo.elf.dir/USB_DEVICE/Target/usbd_conf.c.obj
                0x08003bbc                HAL_PCD_ResumeCallback
 .text.USBD_LL_Init
                0x08003bc8       0x78 CMakeFiles/C8T6_USB_Demo.elf.dir/USB_DEVICE/Target/usbd_conf.c.obj
                0x08003bc8                USBD_LL_Init
 .text.USBD_LL_Start
                0x08003c40       0x10 CMakeFiles/C8T6_USB_Demo.elf.dir/USB_DEVICE/Target/usbd_conf.c.obj
                0x08003c40                USBD_LL_Start
 .text.USBD_LL_OpenEP
                0x08003c50       0x16 CMakeFiles/C8T6_USB_Demo.elf.dir/USB_DEVICE/Target/usbd_conf.c.obj
                0x08003c50                USBD_LL_OpenEP
 .text.USBD_LL_CloseEP
                0x08003c66       0x10 CMakeFiles/C8T6_USB_Demo.elf.dir/USB_DEVICE/Target/usbd_conf.c.obj
                0x08003c66                USBD_LL_CloseEP
 .text.USBD_LL_StallEP
                0x08003c76       0x10 CMakeFiles/C8T6_USB_Demo.elf.dir/USB_DEVICE/Target/usbd_conf.c.obj
                0x08003c76                USBD_LL_StallEP
 .text.USBD_LL_ClearStallEP
                0x08003c86       0x10 CMakeFiles/C8T6_USB_Demo.elf.dir/USB_DEVICE/Target/usbd_conf.c.obj
                0x08003c86                USBD_LL_ClearStallEP
 .text.USBD_LL_IsStallEP
                0x08003c96       0x2e CMakeFiles/C8T6_USB_Demo.elf.dir/USB_DEVICE/Target/usbd_conf.c.obj
                0x08003c96                USBD_LL_IsStallEP
 .text.USBD_LL_SetUSBAddress
                0x08003cc4       0x10 CMakeFiles/C8T6_USB_Demo.elf.dir/USB_DEVICE/Target/usbd_conf.c.obj
                0x08003cc4                USBD_LL_SetUSBAddress
 .text.USBD_LL_Transmit
                0x08003cd4       0x10 CMakeFiles/C8T6_USB_Demo.elf.dir/USB_DEVICE/Target/usbd_conf.c.obj
                0x08003cd4                USBD_LL_Transmit
 .text.USBD_LL_PrepareReceive
                0x08003ce4       0x10 CMakeFiles/C8T6_USB_Demo.elf.dir/USB_DEVICE/Target/usbd_conf.c.obj
                0x08003ce4                USBD_LL_PrepareReceive
 .text.USBD_static_malloc
                0x08003cf4        0x8 CMakeFiles/C8T6_USB_Demo.elf.dir/USB_DEVICE/Target/usbd_conf.c.obj
                0x08003cf4                USBD_static_malloc
 .text.USBD_static_free
                0x08003cfc        0x2 CMakeFiles/C8T6_USB_Demo.elf.dir/USB_DEVICE/Target/usbd_conf.c.obj
                0x08003cfc                USBD_static_free
 .text.HAL_PCDEx_SetConnectionState
                0x08003cfe        0x2 CMakeFiles/C8T6_USB_Demo.elf.dir/USB_DEVICE/Target/usbd_conf.c.obj
                0x08003cfe                HAL_PCDEx_SetConnectionState
 .text.__libc_init_array
                0x08003d00       0x48 c:/progra~2/gnuarm~1/102020~1/bin/../lib/gcc/arm-none-eabi/10.2.1/../../../../arm-none-eabi/lib/thumb/v7-m/nofp\libg.a(lib_a-init.o)
                0x08003d00                __libc_init_array
 .text.memset   0x08003d48       0xa4 c:/progra~2/gnuarm~1/102020~1/bin/../lib/gcc/arm-none-eabi/10.2.1/../../../../arm-none-eabi/lib/thumb/v7-m/nofp\libg.a(lib_a-memset.o)
                0x08003d48                memset
 .text.startup.register_fini
                0x08003dec       0x14 c:/progra~2/gnuarm~1/102020~1/bin/../lib/gcc/arm-none-eabi/10.2.1/../../../../arm-none-eabi/lib/thumb/v7-m/nofp\libg.a(lib_a-__call_atexit.o)
 .text.atexit   0x08003e00        0xc c:/progra~2/gnuarm~1/102020~1/bin/../lib/gcc/arm-none-eabi/10.2.1/../../../../arm-none-eabi/lib/thumb/v7-m/nofp\libg.a(lib_a-atexit.o)
                0x08003e00                atexit
 .text.__libc_fini_array
                0x08003e0c       0x2c c:/progra~2/gnuarm~1/102020~1/bin/../lib/gcc/arm-none-eabi/10.2.1/../../../../arm-none-eabi/lib/thumb/v7-m/nofp\libg.a(lib_a-fini.o)
                0x08003e0c                __libc_fini_array
 .text.__retarget_lock_acquire_recursive
                0x08003e38        0x4 c:/progra~2/gnuarm~1/102020~1/bin/../lib/gcc/arm-none-eabi/10.2.1/../../../../arm-none-eabi/lib/thumb/v7-m/nofp\libg.a(lib_a-lock.o)
                0x08003e38                __retarget_lock_acquire_recursive
 .text.__retarget_lock_release_recursive
                0x08003e3c        0x4 c:/progra~2/gnuarm~1/102020~1/bin/../lib/gcc/arm-none-eabi/10.2.1/../../../../arm-none-eabi/lib/thumb/v7-m/nofp\libg.a(lib_a-lock.o)
                0x08003e3c                __retarget_lock_release_recursive
 .text.__register_exitproc
                0x08003e40       0x8c c:/progra~2/gnuarm~1/102020~1/bin/../lib/gcc/arm-none-eabi/10.2.1/../../../../arm-none-eabi/lib/thumb/v7-m/nofp\libg.a(lib_a-__atexit.o)
                0x08003e40                __register_exitproc
 *(.glue_7)
 .glue_7        0x08003ecc        0x0 linker stubs
 *(.glue_7t)
 .glue_7t       0x08003ecc        0x0 linker stubs
 *(.eh_frame)
 .eh_frame      0x08003ecc        0x0 c:/progra~2/gnuarm~1/102020~1/bin/../lib/gcc/arm-none-eabi/10.2.1/thumb/v7-m/nofp/crtbegin.o
 *(.init)
 .init          0x08003ecc        0x4 c:/progra~2/gnuarm~1/102020~1/bin/../lib/gcc/arm-none-eabi/10.2.1/thumb/v7-m/nofp/crti.o
                0x08003ecc                _init
 .init          0x08003ed0        0x8 c:/progra~2/gnuarm~1/102020~1/bin/../lib/gcc/arm-none-eabi/10.2.1/thumb/v7-m/nofp/crtn.o
 *(.fini)
 .fini          0x08003ed8        0x4 c:/progra~2/gnuarm~1/102020~1/bin/../lib/gcc/arm-none-eabi/10.2.1/thumb/v7-m/nofp/crti.o
                0x08003ed8                _fini
 .fini          0x08003edc        0x8 c:/progra~2/gnuarm~1/102020~1/bin/../lib/gcc/arm-none-eabi/10.2.1/thumb/v7-m/nofp/crtn.o
                0x08003ee4                . = ALIGN (0x4)
                0x08003ee4                _etext = .

.vfp11_veneer   0x08003ee4        0x0
 .vfp11_veneer  0x08003ee4        0x0 linker stubs

.v4_bx          0x08003ee4        0x0
 .v4_bx         0x08003ee4        0x0 linker stubs

.iplt           0x08003ee4        0x0
 .iplt          0x08003ee4        0x0 c:/progra~2/gnuarm~1/102020~1/bin/../lib/gcc/arm-none-eabi/10.2.1/thumb/v7-m/nofp/crtbegin.o

.rodata         0x08003ee4       0x7c
                0x08003ee4                . = ALIGN (0x4)
 *(.rodata)
 .rodata        0x08003ee4        0xf CMakeFiles/C8T6_USB_Demo.elf.dir/Core/Src/main.c.obj
 *(.rodata*)
 *fill*         0x08003ef3        0x1 
 .rodata.AHBPrescTable
                0x08003ef4       0x10 CMakeFiles/C8T6_USB_Demo.elf.dir/Core/Src/system_stm32f1xx.c.obj
                0x08003ef4                AHBPrescTable
 .rodata.aPLLMULFactorTable.1
                0x08003f04       0x10 CMakeFiles/C8T6_USB_Demo.elf.dir/Drivers/STM32F1xx_HAL_Driver/Src/stm32f1xx_hal_rcc.c.obj
 .rodata.aPredivFactorTable.0
                0x08003f14        0x2 CMakeFiles/C8T6_USB_Demo.elf.dir/Drivers/STM32F1xx_HAL_Driver/Src/stm32f1xx_hal_rcc.c.obj
 *fill*         0x08003f16        0x2 
 .rodata.USBD_FS_ProductStrDescriptor.str1.4
                0x08003f18       0x16 CMakeFiles/C8T6_USB_Demo.elf.dir/USB_DEVICE/App/usbd_desc.c.obj
 *fill*         0x08003f2e        0x2 
 .rodata.USBD_FS_ManufacturerStrDescriptor.str1.4
                0x08003f30        0xd CMakeFiles/C8T6_USB_Demo.elf.dir/USB_DEVICE/App/usbd_desc.c.obj
 *fill*         0x08003f3d        0x3 
 .rodata.USBD_FS_ConfigStrDescriptor.str1.4
                0x08003f40        0xb CMakeFiles/C8T6_USB_Demo.elf.dir/USB_DEVICE/App/usbd_desc.c.obj
 *fill*         0x08003f4b        0x1 
 .rodata.USBD_FS_InterfaceStrDescriptor.str1.4
                0x08003f4c        0xe CMakeFiles/C8T6_USB_Demo.elf.dir/USB_DEVICE/App/usbd_desc.c.obj
 *fill*         0x08003f5a        0x2 
 .rodata._global_impure_ptr
                0x08003f5c        0x4 c:/progra~2/gnuarm~1/102020~1/bin/../lib/gcc/arm-none-eabi/10.2.1/../../../../arm-none-eabi/lib/thumb/v7-m/nofp\libg.a(lib_a-impure.o)
                0x08003f5c                _global_impure_ptr
                0x08003f60                . = ALIGN (0x4)

.rel.dyn        0x08003f60        0x0
 .rel.iplt      0x08003f60        0x0 c:/progra~2/gnuarm~1/102020~1/bin/../lib/gcc/arm-none-eabi/10.2.1/thumb/v7-m/nofp/crtbegin.o

.ARM.extab      0x08003f60        0x0
                0x08003f60                . = ALIGN (0x4)
 *(.ARM.extab* .gnu.linkonce.armextab.*)
                0x08003f60                . = ALIGN (0x4)

.ARM            0x08003f60        0x0
                0x08003f60                . = ALIGN (0x4)
                0x08003f60                __exidx_start = .
 *(.ARM.exidx*)
                0x08003f60                __exidx_end = .
                0x08003f60                . = ALIGN (0x4)

.preinit_array  0x08003f60        0x0
                0x08003f60                . = ALIGN (0x4)
                0x08003f60                PROVIDE (__preinit_array_start = .)
 *(.preinit_array*)
                0x08003f60                PROVIDE (__preinit_array_end = .)
                0x08003f60                . = ALIGN (0x4)

.init_array     0x08003f60        0x8
                0x08003f60                . = ALIGN (0x4)
                0x08003f60                PROVIDE (__init_array_start = .)
 *(SORT_BY_NAME(.init_array.*))
 .init_array.00000
                0x08003f60        0x4 c:/progra~2/gnuarm~1/102020~1/bin/../lib/gcc/arm-none-eabi/10.2.1/../../../../arm-none-eabi/lib/thumb/v7-m/nofp\libg.a(lib_a-__call_atexit.o)
 *(.init_array*)
 .init_array    0x08003f64        0x4 c:/progra~2/gnuarm~1/102020~1/bin/../lib/gcc/arm-none-eabi/10.2.1/thumb/v7-m/nofp/crtbegin.o
                0x08003f68                PROVIDE (__init_array_end = .)
                0x08003f68                . = ALIGN (0x4)

.fini_array     0x08003f68        0x4
                0x08003f68                . = ALIGN (0x4)
                0x08003f68                PROVIDE (__fini_array_start = .)
 *(SORT_BY_NAME(.fini_array.*))
 *(.fini_array*)
 .fini_array    0x08003f68        0x4 c:/progra~2/gnuarm~1/102020~1/bin/../lib/gcc/arm-none-eabi/10.2.1/thumb/v7-m/nofp/crtbegin.o
                0x08003f6c                PROVIDE (__fini_array_end = .)
                0x08003f6c                . = ALIGN (0x4)
                0x08003f6c                _sidata = LOADADDR (.data)

.data           0x20000000      0x5d4 load address 0x08003f6c
                0x20000000                . = ALIGN (0x4)
                0x20000000                _sdata = .
 *(.data)
 *(.data*)
 .data.SystemCoreClock
                0x20000000        0x4 CMakeFiles/C8T6_USB_Demo.elf.dir/Core/Src/system_stm32f1xx.c.obj
                0x20000000                SystemCoreClock
 .data.uwTickFreq
                0x20000004        0x1 CMakeFiles/C8T6_USB_Demo.elf.dir/Drivers/STM32F1xx_HAL_Driver/Src/stm32f1xx_hal.c.obj
                0x20000004                uwTickFreq
 *fill*         0x20000005        0x3 
 .data.uwTickPrio
                0x20000008        0x4 CMakeFiles/C8T6_USB_Demo.elf.dir/Drivers/STM32F1xx_HAL_Driver/Src/stm32f1xx_hal.c.obj
                0x20000008                uwTickPrio
 .data.HID_KEYBOARD_ReportDesc
                0x2000000c       0x78 CMakeFiles/C8T6_USB_Demo.elf.dir/Middlewares/ST/STM32_USB_Device_Library/Class/HID/Src/usbd_hid.c.obj
 .data.USBD_HID
                0x20000084       0x38 CMakeFiles/C8T6_USB_Demo.elf.dir/Middlewares/ST/STM32_USB_Device_Library/Class/HID/Src/usbd_hid.c.obj
                0x20000084                USBD_HID
 .data.USBD_HID_CfgFSDesc
                0x200000bc       0x29 CMakeFiles/C8T6_USB_Demo.elf.dir/Middlewares/ST/STM32_USB_Device_Library/Class/HID/Src/usbd_hid.c.obj
 *fill*         0x200000e5        0x3 
 .data.USBD_HID_CfgHSDesc
                0x200000e8       0x29 CMakeFiles/C8T6_USB_Demo.elf.dir/Middlewares/ST/STM32_USB_Device_Library/Class/HID/Src/usbd_hid.c.obj
 *fill*         0x20000111        0x3 
 .data.USBD_HID_Desc
                0x20000114        0x9 CMakeFiles/C8T6_USB_Demo.elf.dir/Middlewares/ST/STM32_USB_Device_Library/Class/HID/Src/usbd_hid.c.obj
 *fill*         0x2000011d        0x3 
 .data.USBD_HID_DeviceQualifierDesc
                0x20000120        0xa CMakeFiles/C8T6_USB_Demo.elf.dir/Middlewares/ST/STM32_USB_Device_Library/Class/HID/Src/usbd_hid.c.obj
 *fill*         0x2000012a        0x2 
 .data.USBD_HID_OtherSpeedCfgDesc
                0x2000012c       0x29 CMakeFiles/C8T6_USB_Demo.elf.dir/Middlewares/ST/STM32_USB_Device_Library/Class/HID/Src/usbd_hid.c.obj
 *fill*         0x20000155        0x3 
 .data.FS_Desc  0x20000158       0x1c CMakeFiles/C8T6_USB_Demo.elf.dir/USB_DEVICE/App/usbd_desc.c.obj
                0x20000158                FS_Desc
 .data.USBD_FS_DeviceDesc
                0x20000174       0x12 CMakeFiles/C8T6_USB_Demo.elf.dir/USB_DEVICE/App/usbd_desc.c.obj
                0x20000174                USBD_FS_DeviceDesc
 *fill*         0x20000186        0x2 
 .data.USBD_LangIDDesc
                0x20000188        0x4 CMakeFiles/C8T6_USB_Demo.elf.dir/USB_DEVICE/App/usbd_desc.c.obj
                0x20000188                USBD_LangIDDesc
 .data.USBD_StringSerial
                0x2000018c       0x1a CMakeFiles/C8T6_USB_Demo.elf.dir/USB_DEVICE/App/usbd_desc.c.obj
                0x2000018c                USBD_StringSerial
 *fill*         0x200001a6        0x2 
 .data.impure_data
                0x200001a8      0x428 c:/progra~2/gnuarm~1/102020~1/bin/../lib/gcc/arm-none-eabi/10.2.1/../../../../arm-none-eabi/lib/thumb/v7-m/nofp\libg.a(lib_a-impure.o)
 .data.__atexit_recursive_mutex
                0x200005d0        0x4 c:/progra~2/gnuarm~1/102020~1/bin/../lib/gcc/arm-none-eabi/10.2.1/../../../../arm-none-eabi/lib/thumb/v7-m/nofp\libg.a(lib_a-__call_atexit.o)
                0x200005d0                __atexit_recursive_mutex
 *(.RamFunc)
 *(.RamFunc*)
                0x200005d4                . = ALIGN (0x4)
                0x200005d4                _edata = .

.igot.plt       0x200005d4        0x0 load address 0x08004540
 .igot.plt      0x200005d4        0x0 c:/progra~2/gnuarm~1/102020~1/bin/../lib/gcc/arm-none-eabi/10.2.1/thumb/v7-m/nofp/crtbegin.o
                0x200005d4                . = ALIGN (0x4)

.bss            0x200005d4      0x7f0 load address 0x08004540
                0x200005d4                _sbss = .
                0x200005d4                __bss_start__ = _sbss
 *(.bss)
 .bss           0x200005d4       0x1c c:/progra~2/gnuarm~1/102020~1/bin/../lib/gcc/arm-none-eabi/10.2.1/thumb/v7-m/nofp/crtbegin.o
 *(.bss*)
 .bss.uwTick    0x200005f0        0x4 CMakeFiles/C8T6_USB_Demo.elf.dir/Drivers/STM32F1xx_HAL_Driver/Src/stm32f1xx_hal.c.obj
                0x200005f0                uwTick
 .bss.cfgidx.0  0x200005f4        0x1 CMakeFiles/C8T6_USB_Demo.elf.dir/Middlewares/ST/STM32_USB_Device_Library/Core/Src/usbd_ctlreq.c.obj
 *fill*         0x200005f5        0x3 
 .bss.hUsbDeviceFS
                0x200005f8      0x2c4 CMakeFiles/C8T6_USB_Demo.elf.dir/USB_DEVICE/App/usb_device.c.obj
                0x200005f8                hUsbDeviceFS
 .bss.USBD_StrDesc
                0x200008bc      0x200 CMakeFiles/C8T6_USB_Demo.elf.dir/USB_DEVICE/App/usbd_desc.c.obj
                0x200008bc                USBD_StrDesc
 .bss.hpcd_USB_FS
                0x20000abc      0x2f0 CMakeFiles/C8T6_USB_Demo.elf.dir/USB_DEVICE/Target/usbd_conf.c.obj
                0x20000abc                hpcd_USB_FS
 .bss.mem.0     0x20000dac       0x14 CMakeFiles/C8T6_USB_Demo.elf.dir/USB_DEVICE/Target/usbd_conf.c.obj
 .bss.__lock___atexit_recursive_mutex
                0x20000dc0        0x1 c:/progra~2/gnuarm~1/102020~1/bin/../lib/gcc/arm-none-eabi/10.2.1/../../../../arm-none-eabi/lib/thumb/v7-m/nofp\libg.a(lib_a-lock.o)
                0x20000dc0                __lock___atexit_recursive_mutex
 *(COMMON)
                0x20000dc4                . = ALIGN (0x4)
 *fill*         0x20000dc1        0x3 
                0x20000dc4                _ebss = .
                0x20000dc4                __bss_end__ = _ebss

._user_heap_stack
                0x20000dc4      0x604 load address 0x08004540
                0x20000dc8                . = ALIGN (0x8)
 *fill*         0x20000dc4        0x4 
                [!provide]                PROVIDE (end = .)
                0x20000dc8                PROVIDE (_end = .)
                0x20000fc8                . = (. + _Min_Heap_Size)
 *fill*         0x20000dc8      0x200 
                0x200013c8                . = (. + _Min_Stack_Size)
 *fill*         0x20000fc8      0x400 
                0x200013c8                . = ALIGN (0x8)

/DISCARD/
 libc.a(*)
 libm.a(*)
 libgcc.a(*)

.ARM.attributes
                0x00000000       0x29
 *(.ARM.attributes)
 .ARM.attributes
                0x00000000       0x1d c:/progra~2/gnuarm~1/102020~1/bin/../lib/gcc/arm-none-eabi/10.2.1/thumb/v7-m/nofp/crti.o
 .ARM.attributes
                0x0000001d       0x2d c:/progra~2/gnuarm~1/102020~1/bin/../lib/gcc/arm-none-eabi/10.2.1/thumb/v7-m/nofp/crtbegin.o
 .ARM.attributes
                0x0000004a       0x2d CMakeFiles/C8T6_USB_Demo.elf.dir/Core/Src/gpio.c.obj
 .ARM.attributes
                0x00000077       0x2d CMakeFiles/C8T6_USB_Demo.elf.dir/Core/Src/main.c.obj
 .ARM.attributes
                0x000000a4       0x2d CMakeFiles/C8T6_USB_Demo.elf.dir/Core/Src/stm32f1xx_hal_msp.c.obj
 .ARM.attributes
                0x000000d1       0x2d CMakeFiles/C8T6_USB_Demo.elf.dir/Core/Src/stm32f1xx_it.c.obj
 .ARM.attributes
                0x000000fe       0x2d CMakeFiles/C8T6_USB_Demo.elf.dir/Core/Src/system_stm32f1xx.c.obj
 .ARM.attributes
                0x0000012b       0x21 CMakeFiles/C8T6_USB_Demo.elf.dir/Core/Startup/startup_stm32f103c8tx.s.obj
 .ARM.attributes
                0x0000014c       0x2d CMakeFiles/C8T6_USB_Demo.elf.dir/Drivers/STM32F1xx_HAL_Driver/Src/stm32f1xx_hal.c.obj
 .ARM.attributes
                0x00000179       0x2d CMakeFiles/C8T6_USB_Demo.elf.dir/Drivers/STM32F1xx_HAL_Driver/Src/stm32f1xx_hal_cortex.c.obj
 .ARM.attributes
                0x000001a6       0x2d CMakeFiles/C8T6_USB_Demo.elf.dir/Drivers/STM32F1xx_HAL_Driver/Src/stm32f1xx_hal_gpio.c.obj
 .ARM.attributes
                0x000001d3       0x2d CMakeFiles/C8T6_USB_Demo.elf.dir/Drivers/STM32F1xx_HAL_Driver/Src/stm32f1xx_hal_pcd.c.obj
 .ARM.attributes
                0x00000200       0x2d CMakeFiles/C8T6_USB_Demo.elf.dir/Drivers/STM32F1xx_HAL_Driver/Src/stm32f1xx_hal_pcd_ex.c.obj
 .ARM.attributes
                0x0000022d       0x2d CMakeFiles/C8T6_USB_Demo.elf.dir/Drivers/STM32F1xx_HAL_Driver/Src/stm32f1xx_hal_rcc.c.obj
 .ARM.attributes
                0x0000025a       0x2d CMakeFiles/C8T6_USB_Demo.elf.dir/Drivers/STM32F1xx_HAL_Driver/Src/stm32f1xx_hal_rcc_ex.c.obj
 .ARM.attributes
                0x00000287       0x2d CMakeFiles/C8T6_USB_Demo.elf.dir/Drivers/STM32F1xx_HAL_Driver/Src/stm32f1xx_ll_usb.c.obj
 .ARM.attributes
                0x000002b4       0x2d CMakeFiles/C8T6_USB_Demo.elf.dir/Middlewares/ST/STM32_USB_Device_Library/Class/HID/Src/usbd_hid.c.obj
 .ARM.attributes
                0x000002e1       0x2d CMakeFiles/C8T6_USB_Demo.elf.dir/Middlewares/ST/STM32_USB_Device_Library/Core/Src/usbd_core.c.obj
 .ARM.attributes
                0x0000030e       0x2d CMakeFiles/C8T6_USB_Demo.elf.dir/Middlewares/ST/STM32_USB_Device_Library/Core/Src/usbd_ctlreq.c.obj
 .ARM.attributes
                0x0000033b       0x2d CMakeFiles/C8T6_USB_Demo.elf.dir/Middlewares/ST/STM32_USB_Device_Library/Core/Src/usbd_ioreq.c.obj
 .ARM.attributes
                0x00000368       0x2d CMakeFiles/C8T6_USB_Demo.elf.dir/USB_DEVICE/App/usb_device.c.obj
 .ARM.attributes
                0x00000395       0x2d CMakeFiles/C8T6_USB_Demo.elf.dir/USB_DEVICE/App/usbd_desc.c.obj
 .ARM.attributes
                0x000003c2       0x2d CMakeFiles/C8T6_USB_Demo.elf.dir/USB_DEVICE/Target/usbd_conf.c.obj
 .ARM.attributes
                0x000003ef       0x2d c:/progra~2/gnuarm~1/102020~1/bin/../lib/gcc/arm-none-eabi/10.2.1/../../../../arm-none-eabi/lib/thumb/v7-m/nofp\libg.a(lib_a-impure.o)
 .ARM.attributes
                0x0000041c       0x2d c:/progra~2/gnuarm~1/102020~1/bin/../lib/gcc/arm-none-eabi/10.2.1/../../../../arm-none-eabi/lib/thumb/v7-m/nofp\libg.a(lib_a-init.o)
 .ARM.attributes
                0x00000449       0x2d c:/progra~2/gnuarm~1/102020~1/bin/../lib/gcc/arm-none-eabi/10.2.1/../../../../arm-none-eabi/lib/thumb/v7-m/nofp\libg.a(lib_a-memset.o)
 .ARM.attributes
                0x00000476       0x2d c:/progra~2/gnuarm~1/102020~1/bin/../lib/gcc/arm-none-eabi/10.2.1/../../../../arm-none-eabi/lib/thumb/v7-m/nofp\libg.a(lib_a-__call_atexit.o)
 .ARM.attributes
                0x000004a3       0x2d c:/progra~2/gnuarm~1/102020~1/bin/../lib/gcc/arm-none-eabi/10.2.1/../../../../arm-none-eabi/lib/thumb/v7-m/nofp\libg.a(lib_a-atexit.o)
 .ARM.attributes
                0x000004d0       0x2d c:/progra~2/gnuarm~1/102020~1/bin/../lib/gcc/arm-none-eabi/10.2.1/../../../../arm-none-eabi/lib/thumb/v7-m/nofp\libg.a(lib_a-fini.o)
 .ARM.attributes
                0x000004fd       0x2d c:/progra~2/gnuarm~1/102020~1/bin/../lib/gcc/arm-none-eabi/10.2.1/../../../../arm-none-eabi/lib/thumb/v7-m/nofp\libg.a(lib_a-lock.o)
 .ARM.attributes
                0x0000052a       0x2d c:/progra~2/gnuarm~1/102020~1/bin/../lib/gcc/arm-none-eabi/10.2.1/../../../../arm-none-eabi/lib/thumb/v7-m/nofp\libg.a(lib_a-__atexit.o)
 .ARM.attributes
                0x00000557       0x1d c:/progra~2/gnuarm~1/102020~1/bin/../lib/gcc/arm-none-eabi/10.2.1/thumb/v7-m/nofp/crtn.o
OUTPUT(C8T6_USB_Demo.elf elf32-littlearm)
LOAD linker stubs
LOAD c:/progra~2/gnuarm~1/102020~1/bin/../lib/gcc/arm-none-eabi/10.2.1/../../../../arm-none-eabi/lib/thumb/v7-m/nofp\libc.a
LOAD c:/progra~2/gnuarm~1/102020~1/bin/../lib/gcc/arm-none-eabi/10.2.1/../../../../arm-none-eabi/lib/thumb/v7-m/nofp\libm.a
LOAD c:/progra~2/gnuarm~1/102020~1/bin/../lib/gcc/arm-none-eabi/10.2.1/thumb/v7-m/nofp\libgcc.a

.debug_info     0x00000000     0xd955
 .debug_info    0x00000000      0x313 CMakeFiles/C8T6_USB_Demo.elf.dir/Core/Src/gpio.c.obj
 .debug_info    0x00000313      0x99c CMakeFiles/C8T6_USB_Demo.elf.dir/Core/Src/main.c.obj
 .debug_info    0x00000caf      0x211 CMakeFiles/C8T6_USB_Demo.elf.dir/Core/Src/stm32f1xx_hal_msp.c.obj
 .debug_info    0x00000ec0      0x663 CMakeFiles/C8T6_USB_Demo.elf.dir/Core/Src/stm32f1xx_it.c.obj
 .debug_info    0x00001523      0x248 CMakeFiles/C8T6_USB_Demo.elf.dir/Core/Src/system_stm32f1xx.c.obj
 .debug_info    0x0000176b       0x22 CMakeFiles/C8T6_USB_Demo.elf.dir/Core/Startup/startup_stm32f103c8tx.s.obj
 .debug_info    0x0000178d      0x7a8 CMakeFiles/C8T6_USB_Demo.elf.dir/Drivers/STM32F1xx_HAL_Driver/Src/stm32f1xx_hal.c.obj
 .debug_info    0x00001f35      0xd8a CMakeFiles/C8T6_USB_Demo.elf.dir/Drivers/STM32F1xx_HAL_Driver/Src/stm32f1xx_hal_cortex.c.obj
 .debug_info    0x00002cbf      0x66f CMakeFiles/C8T6_USB_Demo.elf.dir/Drivers/STM32F1xx_HAL_Driver/Src/stm32f1xx_hal_gpio.c.obj
 .debug_info    0x0000332e     0x1c7a CMakeFiles/C8T6_USB_Demo.elf.dir/Drivers/STM32F1xx_HAL_Driver/Src/stm32f1xx_hal_pcd.c.obj
 .debug_info    0x00004fa8      0x729 CMakeFiles/C8T6_USB_Demo.elf.dir/Drivers/STM32F1xx_HAL_Driver/Src/stm32f1xx_hal_pcd_ex.c.obj
 .debug_info    0x000056d1      0xa3b CMakeFiles/C8T6_USB_Demo.elf.dir/Drivers/STM32F1xx_HAL_Driver/Src/stm32f1xx_hal_rcc.c.obj
 .debug_info    0x0000610c      0x449 CMakeFiles/C8T6_USB_Demo.elf.dir/Drivers/STM32F1xx_HAL_Driver/Src/stm32f1xx_hal_rcc_ex.c.obj
 .debug_info    0x00006555     0x1c4c CMakeFiles/C8T6_USB_Demo.elf.dir/Drivers/STM32F1xx_HAL_Driver/Src/stm32f1xx_ll_usb.c.obj
 .debug_info    0x000081a1      0xafd CMakeFiles/C8T6_USB_Demo.elf.dir/Middlewares/ST/STM32_USB_Device_Library/Class/HID/Src/usbd_hid.c.obj
 .debug_info    0x00008c9e      0xd74 CMakeFiles/C8T6_USB_Demo.elf.dir/Middlewares/ST/STM32_USB_Device_Library/Core/Src/usbd_core.c.obj
 .debug_info    0x00009a12     0x1078 CMakeFiles/C8T6_USB_Demo.elf.dir/Middlewares/ST/STM32_USB_Device_Library/Core/Src/usbd_ctlreq.c.obj
 .debug_info    0x0000aa8a      0x7e9 CMakeFiles/C8T6_USB_Demo.elf.dir/Middlewares/ST/STM32_USB_Device_Library/Core/Src/usbd_ioreq.c.obj
 .debug_info    0x0000b273      0x5c7 CMakeFiles/C8T6_USB_Demo.elf.dir/USB_DEVICE/App/usb_device.c.obj
 .debug_info    0x0000b83a      0x5eb CMakeFiles/C8T6_USB_Demo.elf.dir/USB_DEVICE/App/usbd_desc.c.obj
 .debug_info    0x0000be25     0x1b30 CMakeFiles/C8T6_USB_Demo.elf.dir/USB_DEVICE/Target/usbd_conf.c.obj

.debug_abbrev   0x00000000     0x2846
 .debug_abbrev  0x00000000      0x13c CMakeFiles/C8T6_USB_Demo.elf.dir/Core/Src/gpio.c.obj
 .debug_abbrev  0x0000013c      0x250 CMakeFiles/C8T6_USB_Demo.elf.dir/Core/Src/main.c.obj
 .debug_abbrev  0x0000038c       0xe5 CMakeFiles/C8T6_USB_Demo.elf.dir/Core/Src/stm32f1xx_hal_msp.c.obj
 .debug_abbrev  0x00000471      0x176 CMakeFiles/C8T6_USB_Demo.elf.dir/Core/Src/stm32f1xx_it.c.obj
 .debug_abbrev  0x000005e7      0x13e CMakeFiles/C8T6_USB_Demo.elf.dir/Core/Src/system_stm32f1xx.c.obj
 .debug_abbrev  0x00000725       0x12 CMakeFiles/C8T6_USB_Demo.elf.dir/Core/Startup/startup_stm32f103c8tx.s.obj
 .debug_abbrev  0x00000737      0x1f4 CMakeFiles/C8T6_USB_Demo.elf.dir/Drivers/STM32F1xx_HAL_Driver/Src/stm32f1xx_hal.c.obj
 .debug_abbrev  0x0000092b      0x341 CMakeFiles/C8T6_USB_Demo.elf.dir/Drivers/STM32F1xx_HAL_Driver/Src/stm32f1xx_hal_cortex.c.obj
 .debug_abbrev  0x00000c6c      0x1e6 CMakeFiles/C8T6_USB_Demo.elf.dir/Drivers/STM32F1xx_HAL_Driver/Src/stm32f1xx_hal_gpio.c.obj
 .debug_abbrev  0x00000e52      0x2c4 CMakeFiles/C8T6_USB_Demo.elf.dir/Drivers/STM32F1xx_HAL_Driver/Src/stm32f1xx_hal_pcd.c.obj
 .debug_abbrev  0x00001116      0x193 CMakeFiles/C8T6_USB_Demo.elf.dir/Drivers/STM32F1xx_HAL_Driver/Src/stm32f1xx_hal_pcd_ex.c.obj
 .debug_abbrev  0x000012a9      0x27a CMakeFiles/C8T6_USB_Demo.elf.dir/Drivers/STM32F1xx_HAL_Driver/Src/stm32f1xx_hal_rcc.c.obj
 .debug_abbrev  0x00001523      0x1d2 CMakeFiles/C8T6_USB_Demo.elf.dir/Drivers/STM32F1xx_HAL_Driver/Src/stm32f1xx_hal_rcc_ex.c.obj
 .debug_abbrev  0x000016f5      0x226 CMakeFiles/C8T6_USB_Demo.elf.dir/Drivers/STM32F1xx_HAL_Driver/Src/stm32f1xx_ll_usb.c.obj
 .debug_abbrev  0x0000191b      0x245 CMakeFiles/C8T6_USB_Demo.elf.dir/Middlewares/ST/STM32_USB_Device_Library/Class/HID/Src/usbd_hid.c.obj
 .debug_abbrev  0x00001b60      0x24c CMakeFiles/C8T6_USB_Demo.elf.dir/Middlewares/ST/STM32_USB_Device_Library/Core/Src/usbd_core.c.obj
 .debug_abbrev  0x00001dac      0x2bf CMakeFiles/C8T6_USB_Demo.elf.dir/Middlewares/ST/STM32_USB_Device_Library/Core/Src/usbd_ctlreq.c.obj
 .debug_abbrev  0x0000206b      0x17d CMakeFiles/C8T6_USB_Demo.elf.dir/Middlewares/ST/STM32_USB_Device_Library/Core/Src/usbd_ioreq.c.obj
 .debug_abbrev  0x000021e8      0x186 CMakeFiles/C8T6_USB_Demo.elf.dir/USB_DEVICE/App/usb_device.c.obj
 .debug_abbrev  0x0000236e      0x1fe CMakeFiles/C8T6_USB_Demo.elf.dir/USB_DEVICE/App/usbd_desc.c.obj
 .debug_abbrev  0x0000256c      0x2da CMakeFiles/C8T6_USB_Demo.elf.dir/USB_DEVICE/Target/usbd_conf.c.obj

.debug_aranges  0x00000000      0x9b0
 .debug_aranges
                0x00000000       0x20 CMakeFiles/C8T6_USB_Demo.elf.dir/Core/Src/gpio.c.obj
 .debug_aranges
                0x00000020       0x30 CMakeFiles/C8T6_USB_Demo.elf.dir/Core/Src/main.c.obj
 .debug_aranges
                0x00000050       0x20 CMakeFiles/C8T6_USB_Demo.elf.dir/Core/Src/stm32f1xx_hal_msp.c.obj
 .debug_aranges
                0x00000070       0x68 CMakeFiles/C8T6_USB_Demo.elf.dir/Core/Src/stm32f1xx_it.c.obj
 .debug_aranges
                0x000000d8       0x28 CMakeFiles/C8T6_USB_Demo.elf.dir/Core/Src/system_stm32f1xx.c.obj
 .debug_aranges
                0x00000100       0x28 CMakeFiles/C8T6_USB_Demo.elf.dir/Core/Startup/startup_stm32f103c8tx.s.obj
 .debug_aranges
                0x00000128       0xe0 CMakeFiles/C8T6_USB_Demo.elf.dir/Drivers/STM32F1xx_HAL_Driver/Src/stm32f1xx_hal.c.obj
 .debug_aranges
                0x00000208       0x90 CMakeFiles/C8T6_USB_Demo.elf.dir/Drivers/STM32F1xx_HAL_Driver/Src/stm32f1xx_hal_cortex.c.obj
 .debug_aranges
                0x00000298       0x58 CMakeFiles/C8T6_USB_Demo.elf.dir/Drivers/STM32F1xx_HAL_Driver/Src/stm32f1xx_hal_gpio.c.obj
 .debug_aranges
                0x000002f0      0x140 CMakeFiles/C8T6_USB_Demo.elf.dir/Drivers/STM32F1xx_HAL_Driver/Src/stm32f1xx_hal_pcd.c.obj
 .debug_aranges
                0x00000430       0x38 CMakeFiles/C8T6_USB_Demo.elf.dir/Drivers/STM32F1xx_HAL_Driver/Src/stm32f1xx_hal_pcd_ex.c.obj
 .debug_aranges
                0x00000468       0x90 CMakeFiles/C8T6_USB_Demo.elf.dir/Drivers/STM32F1xx_HAL_Driver/Src/stm32f1xx_hal_rcc.c.obj
 .debug_aranges
                0x000004f8       0x30 CMakeFiles/C8T6_USB_Demo.elf.dir/Drivers/STM32F1xx_HAL_Driver/Src/stm32f1xx_hal_rcc_ex.c.obj
 .debug_aranges
                0x00000528       0xf8 CMakeFiles/C8T6_USB_Demo.elf.dir/Drivers/STM32F1xx_HAL_Driver/Src/stm32f1xx_ll_usb.c.obj
 .debug_aranges
                0x00000620       0x68 CMakeFiles/C8T6_USB_Demo.elf.dir/Middlewares/ST/STM32_USB_Device_Library/Class/HID/Src/usbd_hid.c.obj
 .debug_aranges
                0x00000688       0xb8 CMakeFiles/C8T6_USB_Demo.elf.dir/Middlewares/ST/STM32_USB_Device_Library/Core/Src/usbd_core.c.obj
 .debug_aranges
                0x00000740       0x88 CMakeFiles/C8T6_USB_Demo.elf.dir/Middlewares/ST/STM32_USB_Device_Library/Core/Src/usbd_ctlreq.c.obj
 .debug_aranges
                0x000007c8       0x50 CMakeFiles/C8T6_USB_Demo.elf.dir/Middlewares/ST/STM32_USB_Device_Library/Core/Src/usbd_ioreq.c.obj
 .debug_aranges
                0x00000818       0x20 CMakeFiles/C8T6_USB_Demo.elf.dir/USB_DEVICE/App/usb_device.c.obj
 .debug_aranges
                0x00000838       0x60 CMakeFiles/C8T6_USB_Demo.elf.dir/USB_DEVICE/App/usbd_desc.c.obj
 .debug_aranges
                0x00000898      0x118 CMakeFiles/C8T6_USB_Demo.elf.dir/USB_DEVICE/Target/usbd_conf.c.obj

.debug_ranges   0x00000000      0xc30
 .debug_ranges  0x00000000       0x10 CMakeFiles/C8T6_USB_Demo.elf.dir/Core/Src/gpio.c.obj
 .debug_ranges  0x00000010       0x38 CMakeFiles/C8T6_USB_Demo.elf.dir/Core/Src/main.c.obj
 .debug_ranges  0x00000048       0x10 CMakeFiles/C8T6_USB_Demo.elf.dir/Core/Src/stm32f1xx_hal_msp.c.obj
 .debug_ranges  0x00000058       0x58 CMakeFiles/C8T6_USB_Demo.elf.dir/Core/Src/stm32f1xx_it.c.obj
 .debug_ranges  0x000000b0       0x18 CMakeFiles/C8T6_USB_Demo.elf.dir/Core/Src/system_stm32f1xx.c.obj
 .debug_ranges  0x000000c8       0x20 CMakeFiles/C8T6_USB_Demo.elf.dir/Core/Startup/startup_stm32f103c8tx.s.obj
 .debug_ranges  0x000000e8       0xd0 CMakeFiles/C8T6_USB_Demo.elf.dir/Drivers/STM32F1xx_HAL_Driver/Src/stm32f1xx_hal.c.obj
 .debug_ranges  0x000001b8       0xe0 CMakeFiles/C8T6_USB_Demo.elf.dir/Drivers/STM32F1xx_HAL_Driver/Src/stm32f1xx_hal_cortex.c.obj
 .debug_ranges  0x00000298       0x48 CMakeFiles/C8T6_USB_Demo.elf.dir/Drivers/STM32F1xx_HAL_Driver/Src/stm32f1xx_hal_gpio.c.obj
 .debug_ranges  0x000002e0      0x210 CMakeFiles/C8T6_USB_Demo.elf.dir/Drivers/STM32F1xx_HAL_Driver/Src/stm32f1xx_hal_pcd.c.obj
 .debug_ranges  0x000004f0       0x28 CMakeFiles/C8T6_USB_Demo.elf.dir/Drivers/STM32F1xx_HAL_Driver/Src/stm32f1xx_hal_pcd_ex.c.obj
 .debug_ranges  0x00000518       0xa0 CMakeFiles/C8T6_USB_Demo.elf.dir/Drivers/STM32F1xx_HAL_Driver/Src/stm32f1xx_hal_rcc.c.obj
 .debug_ranges  0x000005b8       0x38 CMakeFiles/C8T6_USB_Demo.elf.dir/Drivers/STM32F1xx_HAL_Driver/Src/stm32f1xx_hal_rcc_ex.c.obj
 .debug_ranges  0x000005f0      0x320 CMakeFiles/C8T6_USB_Demo.elf.dir/Drivers/STM32F1xx_HAL_Driver/Src/stm32f1xx_ll_usb.c.obj
 .debug_ranges  0x00000910       0x58 CMakeFiles/C8T6_USB_Demo.elf.dir/Middlewares/ST/STM32_USB_Device_Library/Class/HID/Src/usbd_hid.c.obj
 .debug_ranges  0x00000968       0xa8 CMakeFiles/C8T6_USB_Demo.elf.dir/Middlewares/ST/STM32_USB_Device_Library/Core/Src/usbd_core.c.obj
 .debug_ranges  0x00000a10       0x78 CMakeFiles/C8T6_USB_Demo.elf.dir/Middlewares/ST/STM32_USB_Device_Library/Core/Src/usbd_ctlreq.c.obj
 .debug_ranges  0x00000a88       0x40 CMakeFiles/C8T6_USB_Demo.elf.dir/Middlewares/ST/STM32_USB_Device_Library/Core/Src/usbd_ioreq.c.obj
 .debug_ranges  0x00000ac8       0x10 CMakeFiles/C8T6_USB_Demo.elf.dir/USB_DEVICE/App/usb_device.c.obj
 .debug_ranges  0x00000ad8       0x50 CMakeFiles/C8T6_USB_Demo.elf.dir/USB_DEVICE/App/usbd_desc.c.obj
 .debug_ranges  0x00000b28      0x108 CMakeFiles/C8T6_USB_Demo.elf.dir/USB_DEVICE/Target/usbd_conf.c.obj

.debug_line     0x00000000     0x8ee7
 .debug_line    0x00000000      0x205 CMakeFiles/C8T6_USB_Demo.elf.dir/Core/Src/gpio.c.obj
 .debug_line    0x00000205      0x49a CMakeFiles/C8T6_USB_Demo.elf.dir/Core/Src/main.c.obj
 .debug_line    0x0000069f      0x177 CMakeFiles/C8T6_USB_Demo.elf.dir/Core/Src/stm32f1xx_hal_msp.c.obj
 .debug_line    0x00000816      0x306 CMakeFiles/C8T6_USB_Demo.elf.dir/Core/Src/stm32f1xx_it.c.obj
 .debug_line    0x00000b1c      0x240 CMakeFiles/C8T6_USB_Demo.elf.dir/Core/Src/system_stm32f1xx.c.obj
 .debug_line    0x00000d5c       0xa3 CMakeFiles/C8T6_USB_Demo.elf.dir/Core/Startup/startup_stm32f103c8tx.s.obj
 .debug_line    0x00000dff      0x568 CMakeFiles/C8T6_USB_Demo.elf.dir/Drivers/STM32F1xx_HAL_Driver/Src/stm32f1xx_hal.c.obj
 .debug_line    0x00001367      0x653 CMakeFiles/C8T6_USB_Demo.elf.dir/Drivers/STM32F1xx_HAL_Driver/Src/stm32f1xx_hal_cortex.c.obj
 .debug_line    0x000019ba      0x5fb CMakeFiles/C8T6_USB_Demo.elf.dir/Drivers/STM32F1xx_HAL_Driver/Src/stm32f1xx_hal_gpio.c.obj
 .debug_line    0x00001fb5     0x1a08 CMakeFiles/C8T6_USB_Demo.elf.dir/Drivers/STM32F1xx_HAL_Driver/Src/stm32f1xx_hal_pcd.c.obj
 .debug_line    0x000039bd      0x2ad CMakeFiles/C8T6_USB_Demo.elf.dir/Drivers/STM32F1xx_HAL_Driver/Src/stm32f1xx_hal_pcd_ex.c.obj
 .debug_line    0x00003c6a      0xc38 CMakeFiles/C8T6_USB_Demo.elf.dir/Drivers/STM32F1xx_HAL_Driver/Src/stm32f1xx_hal_rcc.c.obj
 .debug_line    0x000048a2      0x4ad CMakeFiles/C8T6_USB_Demo.elf.dir/Drivers/STM32F1xx_HAL_Driver/Src/stm32f1xx_hal_rcc_ex.c.obj
 .debug_line    0x00004d4f     0x1978 CMakeFiles/C8T6_USB_Demo.elf.dir/Drivers/STM32F1xx_HAL_Driver/Src/stm32f1xx_ll_usb.c.obj
 .debug_line    0x000066c7      0x587 CMakeFiles/C8T6_USB_Demo.elf.dir/Middlewares/ST/STM32_USB_Device_Library/Class/HID/Src/usbd_hid.c.obj
 .debug_line    0x00006c4e      0x727 CMakeFiles/C8T6_USB_Demo.elf.dir/Middlewares/ST/STM32_USB_Device_Library/Core/Src/usbd_core.c.obj
 .debug_line    0x00007375      0xb0c CMakeFiles/C8T6_USB_Demo.elf.dir/Middlewares/ST/STM32_USB_Device_Library/Core/Src/usbd_ctlreq.c.obj
 .debug_line    0x00007e81      0x29e CMakeFiles/C8T6_USB_Demo.elf.dir/Middlewares/ST/STM32_USB_Device_Library/Core/Src/usbd_ioreq.c.obj
 .debug_line    0x0000811f      0x245 CMakeFiles/C8T6_USB_Demo.elf.dir/USB_DEVICE/App/usb_device.c.obj
 .debug_line    0x00008364      0x375 CMakeFiles/C8T6_USB_Demo.elf.dir/USB_DEVICE/App/usbd_desc.c.obj
 .debug_line    0x000086d9      0x80e CMakeFiles/C8T6_USB_Demo.elf.dir/USB_DEVICE/Target/usbd_conf.c.obj

.debug_str      0x00000000     0x2e30
 .debug_str     0x00000000      0x264 CMakeFiles/C8T6_USB_Demo.elf.dir/Core/Src/gpio.c.obj
                                0x2b5 (size before relaxing)
 .debug_str     0x00000264      0x607 CMakeFiles/C8T6_USB_Demo.elf.dir/Core/Src/main.c.obj
                                0x841 (size before relaxing)
 .debug_str     0x0000086b       0x77 CMakeFiles/C8T6_USB_Demo.elf.dir/Core/Src/stm32f1xx_hal_msp.c.obj
                                0x257 (size before relaxing)
 .debug_str     0x000008e2      0x423 CMakeFiles/C8T6_USB_Demo.elf.dir/Core/Src/stm32f1xx_it.c.obj
                                0x619 (size before relaxing)
 .debug_str     0x00000d05       0x9b CMakeFiles/C8T6_USB_Demo.elf.dir/Core/Src/system_stm32f1xx.c.obj
                                0x28c (size before relaxing)
 .debug_str     0x00000da0       0x53 CMakeFiles/C8T6_USB_Demo.elf.dir/Core/Startup/startup_stm32f103c8tx.s.obj
                                 0x85 (size before relaxing)
 .debug_str     0x00000df3      0x60b CMakeFiles/C8T6_USB_Demo.elf.dir/Drivers/STM32F1xx_HAL_Driver/Src/stm32f1xx_hal.c.obj
                                0x85c (size before relaxing)
 .debug_str     0x000013fe      0x3ba CMakeFiles/C8T6_USB_Demo.elf.dir/Drivers/STM32F1xx_HAL_Driver/Src/stm32f1xx_hal_cortex.c.obj
                                0x90b (size before relaxing)
 .debug_str     0x000017b8      0x136 CMakeFiles/C8T6_USB_Demo.elf.dir/Drivers/STM32F1xx_HAL_Driver/Src/stm32f1xx_hal_gpio.c.obj
                                0x438 (size before relaxing)
 .debug_str     0x000018ee      0x5b8 CMakeFiles/C8T6_USB_Demo.elf.dir/Drivers/STM32F1xx_HAL_Driver/Src/stm32f1xx_hal_pcd.c.obj
                                0xb40 (size before relaxing)
 .debug_str     0x00001ea6      0x18d CMakeFiles/C8T6_USB_Demo.elf.dir/Drivers/STM32F1xx_HAL_Driver/Src/stm32f1xx_hal_pcd_ex.c.obj
                                0x700 (size before relaxing)
 .debug_str     0x00002033      0x211 CMakeFiles/C8T6_USB_Demo.elf.dir/Drivers/STM32F1xx_HAL_Driver/Src/stm32f1xx_hal_rcc.c.obj
                                0x663 (size before relaxing)
 .debug_str     0x00002244       0xbc CMakeFiles/C8T6_USB_Demo.elf.dir/Drivers/STM32F1xx_HAL_Driver/Src/stm32f1xx_hal_rcc_ex.c.obj
                                0x40b (size before relaxing)
 .debug_str     0x00002300      0x156 CMakeFiles/C8T6_USB_Demo.elf.dir/Drivers/STM32F1xx_HAL_Driver/Src/stm32f1xx_ll_usb.c.obj
                                0x752 (size before relaxing)
 .debug_str     0x00002456      0x2e5 CMakeFiles/C8T6_USB_Demo.elf.dir/Middlewares/ST/STM32_USB_Device_Library/Class/HID/Src/usbd_hid.c.obj
                                0x857 (size before relaxing)
 .debug_str     0x0000273b      0x2c1 CMakeFiles/C8T6_USB_Demo.elf.dir/Middlewares/ST/STM32_USB_Device_Library/Core/Src/usbd_core.c.obj
                                0x869 (size before relaxing)
 .debug_str     0x000029fc      0x138 CMakeFiles/C8T6_USB_Demo.elf.dir/Middlewares/ST/STM32_USB_Device_Library/Core/Src/usbd_ctlreq.c.obj
                                0x783 (size before relaxing)
 .debug_str     0x00002b34       0x96 CMakeFiles/C8T6_USB_Demo.elf.dir/Middlewares/ST/STM32_USB_Device_Library/Core/Src/usbd_ioreq.c.obj
                                0x6b0 (size before relaxing)
 .debug_str     0x00002bca       0x44 CMakeFiles/C8T6_USB_Demo.elf.dir/USB_DEVICE/App/usb_device.c.obj
                                0x60a (size before relaxing)
 .debug_str     0x00002c0e      0x18d CMakeFiles/C8T6_USB_Demo.elf.dir/USB_DEVICE/App/usbd_desc.c.obj
                                0x489 (size before relaxing)
 .debug_str     0x00002d9b       0x95 CMakeFiles/C8T6_USB_Demo.elf.dir/USB_DEVICE/Target/usbd_conf.c.obj
                               0x11d4 (size before relaxing)

.comment        0x00000000       0x4d
 .comment       0x00000000       0x4d CMakeFiles/C8T6_USB_Demo.elf.dir/Core/Src/gpio.c.obj
                                 0x4e (size before relaxing)
 .comment       0x0000004d       0x4e CMakeFiles/C8T6_USB_Demo.elf.dir/Core/Src/main.c.obj
 .comment       0x0000004d       0x4e CMakeFiles/C8T6_USB_Demo.elf.dir/Core/Src/stm32f1xx_hal_msp.c.obj
 .comment       0x0000004d       0x4e CMakeFiles/C8T6_USB_Demo.elf.dir/Core/Src/stm32f1xx_it.c.obj
 .comment       0x0000004d       0x4e CMakeFiles/C8T6_USB_Demo.elf.dir/Core/Src/system_stm32f1xx.c.obj
 .comment       0x0000004d       0x4e CMakeFiles/C8T6_USB_Demo.elf.dir/Drivers/STM32F1xx_HAL_Driver/Src/stm32f1xx_hal.c.obj
 .comment       0x0000004d       0x4e CMakeFiles/C8T6_USB_Demo.elf.dir/Drivers/STM32F1xx_HAL_Driver/Src/stm32f1xx_hal_cortex.c.obj
 .comment       0x0000004d       0x4e CMakeFiles/C8T6_USB_Demo.elf.dir/Drivers/STM32F1xx_HAL_Driver/Src/stm32f1xx_hal_gpio.c.obj
 .comment       0x0000004d       0x4e CMakeFiles/C8T6_USB_Demo.elf.dir/Drivers/STM32F1xx_HAL_Driver/Src/stm32f1xx_hal_pcd.c.obj
 .comment       0x0000004d       0x4e CMakeFiles/C8T6_USB_Demo.elf.dir/Drivers/STM32F1xx_HAL_Driver/Src/stm32f1xx_hal_pcd_ex.c.obj
 .comment       0x0000004d       0x4e CMakeFiles/C8T6_USB_Demo.elf.dir/Drivers/STM32F1xx_HAL_Driver/Src/stm32f1xx_hal_rcc.c.obj
 .comment       0x0000004d       0x4e CMakeFiles/C8T6_USB_Demo.elf.dir/Drivers/STM32F1xx_HAL_Driver/Src/stm32f1xx_hal_rcc_ex.c.obj
 .comment       0x0000004d       0x4e CMakeFiles/C8T6_USB_Demo.elf.dir/Drivers/STM32F1xx_HAL_Driver/Src/stm32f1xx_ll_usb.c.obj
 .comment       0x0000004d       0x4e CMakeFiles/C8T6_USB_Demo.elf.dir/Middlewares/ST/STM32_USB_Device_Library/Class/HID/Src/usbd_hid.c.obj
 .comment       0x0000004d       0x4e CMakeFiles/C8T6_USB_Demo.elf.dir/Middlewares/ST/STM32_USB_Device_Library/Core/Src/usbd_core.c.obj
 .comment       0x0000004d       0x4e CMakeFiles/C8T6_USB_Demo.elf.dir/Middlewares/ST/STM32_USB_Device_Library/Core/Src/usbd_ctlreq.c.obj
 .comment       0x0000004d       0x4e CMakeFiles/C8T6_USB_Demo.elf.dir/Middlewares/ST/STM32_USB_Device_Library/Core/Src/usbd_ioreq.c.obj
 .comment       0x0000004d       0x4e CMakeFiles/C8T6_USB_Demo.elf.dir/USB_DEVICE/App/usb_device.c.obj
 .comment       0x0000004d       0x4e CMakeFiles/C8T6_USB_Demo.elf.dir/USB_DEVICE/App/usbd_desc.c.obj
 .comment       0x0000004d       0x4e CMakeFiles/C8T6_USB_Demo.elf.dir/USB_DEVICE/Target/usbd_conf.c.obj

.debug_frame    0x00000000     0x17c0
 .debug_frame   0x00000000       0x30 CMakeFiles/C8T6_USB_Demo.elf.dir/Core/Src/gpio.c.obj
 .debug_frame   0x00000030       0x58 CMakeFiles/C8T6_USB_Demo.elf.dir/Core/Src/main.c.obj
 .debug_frame   0x00000088       0x28 CMakeFiles/C8T6_USB_Demo.elf.dir/Core/Src/stm32f1xx_hal_msp.c.obj
 .debug_frame   0x000000b0       0xc0 CMakeFiles/C8T6_USB_Demo.elf.dir/Core/Src/stm32f1xx_it.c.obj
 .debug_frame   0x00000170       0x30 CMakeFiles/C8T6_USB_Demo.elf.dir/Core/Src/system_stm32f1xx.c.obj
 .debug_frame   0x000001a0      0x1cc CMakeFiles/C8T6_USB_Demo.elf.dir/Drivers/STM32F1xx_HAL_Driver/Src/stm32f1xx_hal.c.obj
 .debug_frame   0x0000036c      0x118 CMakeFiles/C8T6_USB_Demo.elf.dir/Drivers/STM32F1xx_HAL_Driver/Src/stm32f1xx_hal_cortex.c.obj
 .debug_frame   0x00000484       0xe4 CMakeFiles/C8T6_USB_Demo.elf.dir/Drivers/STM32F1xx_HAL_Driver/Src/stm32f1xx_hal_gpio.c.obj
 .debug_frame   0x00000568      0x360 CMakeFiles/C8T6_USB_Demo.elf.dir/Drivers/STM32F1xx_HAL_Driver/Src/stm32f1xx_hal_pcd.c.obj
 .debug_frame   0x000008c8       0x50 CMakeFiles/C8T6_USB_Demo.elf.dir/Drivers/STM32F1xx_HAL_Driver/Src/stm32f1xx_hal_pcd_ex.c.obj
 .debug_frame   0x00000918      0x184 CMakeFiles/C8T6_USB_Demo.elf.dir/Drivers/STM32F1xx_HAL_Driver/Src/stm32f1xx_hal_rcc.c.obj
 .debug_frame   0x00000a9c       0x5c CMakeFiles/C8T6_USB_Demo.elf.dir/Drivers/STM32F1xx_HAL_Driver/Src/stm32f1xx_hal_rcc_ex.c.obj
 .debug_frame   0x00000af8      0x20c CMakeFiles/C8T6_USB_Demo.elf.dir/Drivers/STM32F1xx_HAL_Driver/Src/stm32f1xx_ll_usb.c.obj
 .debug_frame   0x00000d04       0xe8 CMakeFiles/C8T6_USB_Demo.elf.dir/Middlewares/ST/STM32_USB_Device_Library/Class/HID/Src/usbd_hid.c.obj
 .debug_frame   0x00000dec      0x1c4 CMakeFiles/C8T6_USB_Demo.elf.dir/Middlewares/ST/STM32_USB_Device_Library/Core/Src/usbd_core.c.obj
 .debug_frame   0x00000fb0      0x178 CMakeFiles/C8T6_USB_Demo.elf.dir/Middlewares/ST/STM32_USB_Device_Library/Core/Src/usbd_ctlreq.c.obj
 .debug_frame   0x00001128       0xb8 CMakeFiles/C8T6_USB_Demo.elf.dir/Middlewares/ST/STM32_USB_Device_Library/Core/Src/usbd_ioreq.c.obj
 .debug_frame   0x000011e0       0x28 CMakeFiles/C8T6_USB_Demo.elf.dir/USB_DEVICE/App/usb_device.c.obj
 .debug_frame   0x00001208       0xe0 CMakeFiles/C8T6_USB_Demo.elf.dir/USB_DEVICE/App/usbd_desc.c.obj
 .debug_frame   0x000012e8      0x2ec CMakeFiles/C8T6_USB_Demo.elf.dir/USB_DEVICE/Target/usbd_conf.c.obj
 .debug_frame   0x000015d4       0x2c c:/progra~2/gnuarm~1/102020~1/bin/../lib/gcc/arm-none-eabi/10.2.1/../../../../arm-none-eabi/lib/thumb/v7-m/nofp\libg.a(lib_a-init.o)
 .debug_frame   0x00001600       0x2c c:/progra~2/gnuarm~1/102020~1/bin/../lib/gcc/arm-none-eabi/10.2.1/../../../../arm-none-eabi/lib/thumb/v7-m/nofp\libg.a(lib_a-memset.o)
 .debug_frame   0x0000162c       0x5c c:/progra~2/gnuarm~1/102020~1/bin/../lib/gcc/arm-none-eabi/10.2.1/../../../../arm-none-eabi/lib/thumb/v7-m/nofp\libg.a(lib_a-__call_atexit.o)
 .debug_frame   0x00001688       0x20 c:/progra~2/gnuarm~1/102020~1/bin/../lib/gcc/arm-none-eabi/10.2.1/../../../../arm-none-eabi/lib/thumb/v7-m/nofp\libg.a(lib_a-atexit.o)
 .debug_frame   0x000016a8       0x34 c:/progra~2/gnuarm~1/102020~1/bin/../lib/gcc/arm-none-eabi/10.2.1/../../../../arm-none-eabi/lib/thumb/v7-m/nofp\libg.a(lib_a-fini.o)
 .debug_frame   0x000016dc       0xb0 c:/progra~2/gnuarm~1/102020~1/bin/../lib/gcc/arm-none-eabi/10.2.1/../../../../arm-none-eabi/lib/thumb/v7-m/nofp\libg.a(lib_a-lock.o)
 .debug_frame   0x0000178c       0x34 c:/progra~2/gnuarm~1/102020~1/bin/../lib/gcc/arm-none-eabi/10.2.1/../../../../arm-none-eabi/lib/thumb/v7-m/nofp\libg.a(lib_a-__atexit.o)

.debug_loc      0x00000000     0x7ef9
 .debug_loc     0x00000000       0x15 CMakeFiles/C8T6_USB_Demo.elf.dir/Core/Src/stm32f1xx_hal_msp.c.obj
 .debug_loc     0x00000015       0xff CMakeFiles/C8T6_USB_Demo.elf.dir/Core/Src/system_stm32f1xx.c.obj
 .debug_loc     0x00000114      0x141 CMakeFiles/C8T6_USB_Demo.elf.dir/Drivers/STM32F1xx_HAL_Driver/Src/stm32f1xx_hal.c.obj
 .debug_loc     0x00000255      0x71f CMakeFiles/C8T6_USB_Demo.elf.dir/Drivers/STM32F1xx_HAL_Driver/Src/stm32f1xx_hal_cortex.c.obj
 .debug_loc     0x00000974      0x47d CMakeFiles/C8T6_USB_Demo.elf.dir/Drivers/STM32F1xx_HAL_Driver/Src/stm32f1xx_hal_gpio.c.obj
 .debug_loc     0x00000df1     0x1590 CMakeFiles/C8T6_USB_Demo.elf.dir/Drivers/STM32F1xx_HAL_Driver/Src/stm32f1xx_hal_pcd.c.obj
 .debug_loc     0x00002381      0x11a CMakeFiles/C8T6_USB_Demo.elf.dir/Drivers/STM32F1xx_HAL_Driver/Src/stm32f1xx_hal_pcd_ex.c.obj
 .debug_loc     0x0000249b      0x618 CMakeFiles/C8T6_USB_Demo.elf.dir/Drivers/STM32F1xx_HAL_Driver/Src/stm32f1xx_hal_rcc.c.obj
 .debug_loc     0x00002ab3      0x43d CMakeFiles/C8T6_USB_Demo.elf.dir/Drivers/STM32F1xx_HAL_Driver/Src/stm32f1xx_hal_rcc_ex.c.obj
 .debug_loc     0x00002ef0     0x197b CMakeFiles/C8T6_USB_Demo.elf.dir/Drivers/STM32F1xx_HAL_Driver/Src/stm32f1xx_ll_usb.c.obj
 .debug_loc     0x0000486b      0x75b CMakeFiles/C8T6_USB_Demo.elf.dir/Middlewares/ST/STM32_USB_Device_Library/Class/HID/Src/usbd_hid.c.obj
 .debug_loc     0x00004fc6      0x96a CMakeFiles/C8T6_USB_Demo.elf.dir/Middlewares/ST/STM32_USB_Device_Library/Core/Src/usbd_core.c.obj
 .debug_loc     0x00005930     0x1481 CMakeFiles/C8T6_USB_Demo.elf.dir/Middlewares/ST/STM32_USB_Device_Library/Core/Src/usbd_ctlreq.c.obj
 .debug_loc     0x00006db1      0x284 CMakeFiles/C8T6_USB_Demo.elf.dir/Middlewares/ST/STM32_USB_Device_Library/Core/Src/usbd_ioreq.c.obj
 .debug_loc     0x00007035      0x38f CMakeFiles/C8T6_USB_Demo.elf.dir/USB_DEVICE/App/usbd_desc.c.obj
 .debug_loc     0x000073c4      0xb35 CMakeFiles/C8T6_USB_Demo.elf.dir/USB_DEVICE/Target/usbd_conf.c.obj
